Archive member included because of file (symbol)

./../Platform/BSP/debug/libBSP_efm32_debug.a(BSP_LED.o)
                              C:/Users/USER/XDK-Workspace/XdkLiveApplication/src-gen/debug/objects/source/SystemStartup.o (BSP_LED_Connect)
./../Platform/BSP/debug/libBSP_efm32_debug.a(BSP_USB.o)
                              C:/Users/USER/XDK-Workspace/XdkLiveApplication/src-gen/debug/objects/source/RetargetStdio.o (RETARGET_WriteChar)
./../Platform/BSP/debug/libBSP_efm32_debug.a(BSP_Board.o)
                              C:/Users/USER/XDK-Workspace/XdkLiveApplication/src-gen/debug/objects/source/SystemStartup.o (BSP_Board_OSTickInitialize)
./../Platform/BSP/debug/libBSP_efm32_debug.a(BSP_Button.o)
                              C:/Users/USER/XDK-Workspace/XdkLiveApplication/src-gen/debug/objects/base/SensorButton_one.o (BSP_Button_Connect)
./../Platform/BSP/debug/libBSP_efm32_debug.a(BSP_DMA.o)
                              ./../Platform/BSP/debug/libBSP_efm32_debug.a(BSP_Board.o) (BSP_DMA_Initialize)
./../Platform/BSP/debug/libBSP_efm32_debug.a(BSP_IrqHandler.o)
                              ./../Platform/BSP/debug/libBSP_efm32_debug.a(BSP_Board.o) (IrqHandler_SysTickDummyHandler)
./../Platform/BSP/debug/libBSP_efm32_debug.a(BSP_ExtensionPort.o)
                              ./../Platform/BSP/debug/libBSP_efm32_debug.a(BSP_IrqHandler.o) (BSP_ExtensionPort_I2cIsr)
./../Platform/BSP/debug/libBSP_efm32_debug.a(BSP_WiFi_cc3100mod.o)
                              ./../Platform/BSP/debug/libBSP_efm32_debug.a(BSP_IrqHandler.o) (WiFi_CC3100MOD_SPIRxISR)
./../Platform/BSP/debug/libBSP_efm32_debug.a(BSP_BT_EM9301.o)
                              ./../Platform/BSP/debug/libBSP_efm32_debug.a(BSP_IrqHandler.o) (BT_EM9301_UART_TxISR)
./../Platform/BSP/debug/libBSP_efm32_debug.a(BSP_SensorNode.o)
                              ./../Platform/BSP/debug/libBSP_efm32_debug.a(BSP_IrqHandler.o) (SensorNode_I2CISR)
./../Platform/BSP/debug/libBSP_efm32_debug.a(BSP_SDCard.o)
                              ./../Platform/BSP/debug/libBSP_efm32_debug.a(BSP_IrqHandler.o) (SDCard_SPIRxISR)
./../Libraries/FreeRTOS/debug/libFreeRTOS_efm32_debug.a(queue.o)
                              C:/Users/USER/XDK-Workspace/XdkLiveApplication/src-gen/debug/objects/base/ConnectivityMQTTMqtt_test.o (xQueueGenericCreate)
./../Libraries/FreeRTOS/debug/libFreeRTOS_efm32_debug.a(tasks.o)
                              ./../Libraries/FreeRTOS/debug/libFreeRTOS_efm32_debug.a(queue.o) (vTaskSuspendAll)
./../Libraries/FreeRTOS/debug/libFreeRTOS_efm32_debug.a(timers.o)
                              ./../Libraries/FreeRTOS/debug/libFreeRTOS_efm32_debug.a(tasks.o) (xTimerCreateTimerTask)
./../Libraries/FreeRTOS/debug/libFreeRTOS_efm32_debug.a(heap_4.o)
                              ./../Libraries/FreeRTOS/debug/libFreeRTOS_efm32_debug.a(queue.o) (pvPortMalloc)
./../Libraries/FreeRTOS/debug/libFreeRTOS_efm32_debug.a(port.o)
                              ./../Libraries/FreeRTOS/debug/libFreeRTOS_efm32_debug.a(tasks.o) (pxPortInitialiseStack)
./../Libraries/FreeRTOS/debug/libFreeRTOS_efm32_debug.a(list.o)
                              ./../Libraries/FreeRTOS/debug/libFreeRTOS_efm32_debug.a(queue.o) (vListInitialise)
./../Libraries/EMlib/debug/libEMLib_efm32_debug.a(em_adc.o)
                              ./../Platform/BSP/debug/libBSP_efm32_debug.a(BSP_Board.o) (ADC_Init)
./../Libraries/EMlib/debug/libEMLib_efm32_debug.a(em_cmu.o)
                              ./../Platform/BSP/debug/libBSP_efm32_debug.a(BSP_Board.o) (CMU_ClockDivSet)
./../Libraries/EMlib/debug/libEMLib_efm32_debug.a(em_msc.o)
                              ./../Platform/BSP/debug/libBSP_efm32_debug.a(BSP_Board.o) (MSC_Init)
./../Libraries/EMlib/debug/libEMLib_efm32_debug.a(em_dma.o)
                              ./../Platform/BSP/debug/libBSP_efm32_debug.a(BSP_DMA.o) (DMA_Reset)
./../Libraries/EMlib/debug/libEMLib_efm32_debug.a(em_emu.o)
                              ./../Libraries/EMlib/debug/libEMLib_efm32_debug.a(em_cmu.o) (EMU_UpdateOscConfig)
./../Libraries/EMlib/debug/libEMLib_efm32_debug.a(em_gpio.o)
                              ./../Platform/BSP/debug/libBSP_efm32_debug.a(BSP_Board.o) (GPIO_DriveModeSet)
./../Libraries/EMlib/debug/libEMLib_efm32_debug.a(em_int.o)
                              C:/Users/USER/XDK-Workspace/XdkLiveApplication/src-gen/debug/objects/./../Libraries/EMlib/3rd-party/EMLib/usb/src/em_usbdint.o (INT_LockCnt)
./../Libraries/EMlib/debug/libEMLib_efm32_debug.a(em_i2c.o)
                              ./../Platform/BSP/debug/libBSP_efm32_debug.a(BSP_ExtensionPort.o) (I2C_Enable)
./../Libraries/EMlib/debug/libEMLib_efm32_debug.a(em_usart.o)
                              ./../Platform/BSP/debug/libBSP_efm32_debug.a(BSP_Board.o) (USART_BaudrateSyncSet)
./../Libraries/EMlib/debug/libEMLib_efm32_debug.a(em_system.o)
[...]
Memory Configuration

Name             Origin             Length             Attributes
FLASH            0x00010000         0x000f0000         xr
RAM              0x20000000         0x00020000         xrw
*default*        0x00000000         0xffffffff

Linker script and memory map

LOAD c:/xdk-workbench/xdk/armgcc/bin/../lib/gcc/arm-none-eabi/4.7.4/armv7-m/crti.o
LOAD c:/xdk-workbench/xdk/armgcc/bin/../lib/gcc/arm-none-eabi/4.7.4/armv7-m/crtbegin.o
LOAD c:/xdk-workbench/xdk/armgcc/bin/../lib/gcc/arm-none-eabi/4.7.4/../../../../arm-none-eabi/lib/armv7-m/crt0.o
LOAD C:/Users/USER/XDK-Workspace/XdkLiveApplication/src-gen/debug/objects/source/Assert.o
LOAD C:/Users/USER/XDK-Workspace/XdkLiveApplication/src-gen/debug/objects/source/RetargetStdio.o
LOAD C:/Users/USER/XDK-Workspace/XdkLiveApplication/src-gen/debug/objects/source/BleDeviceInfoService.o
LOAD C:/Users/USER/XDK-Workspace/XdkLiveApplication/src-gen/debug/objects/source/cJSON.o
LOAD C:/Users/USER/XDK-Workspace/XdkLiveApplication/src-gen/debug/objects/source/UsbResetUtility.o
LOAD C:/Users/USER/XDK-Workspace/XdkLiveApplication/src-gen/debug/objects/source/SensorHandle.o
LOAD C:/Users/USER/XDK-Workspace/XdkLiveApplication/src-gen/debug/objects/source/SystemStartup.o
LOAD C:/Users/USER/XDK-Workspace/XdkLiveApplication/src-gen/debug/objects/source/XdkVersion.o
LOAD C:/Users/USER/XDK-Workspace/XdkLiveApplication/src-gen/debug/objects/legacy/source/ServalPAL_WiFi.o
LOAD C:/Users/USER/XDK-Workspace/XdkLiveApplication/src-gen/debug/objects/./../Libraries/EMlib/3rd-party/EMLib/usb/src/em_usbdint.o
LOAD C:/Users/USER/XDK-Workspace/XdkLiveApplication/src-gen/debug/objects/main.o
LOAD C:/Users/USER/XDK-Workspace/XdkLiveApplication/src-gen/debug/objects/base/ConnectivityLEDHmi.o
LOAD C:/Users/USER/XDK-Workspace/XdkLiveApplication/src-gen/debug/objects/base/ConnectivityWLANMywlan.o
LOAD C:/Users/USER/XDK-Workspace/XdkLiveApplication/src-gen/debug/objects/base/ConnectivityMQTTMqtt_test.o
LOAD C:/Users/USER/XDK-Workspace/XdkLiveApplication/src-gen/debug/objects/base/SensorButton_one.o
LOAD C:/Users/USER/XDK-Workspace/XdkLiveApplication/src-gen/debug/objects/base/SensorButton_two.o
LOAD C:/Users/USER/XDK-Workspace/XdkLiveApplication/src-gen/debug/objects/application.o
LOAD C:/Users/USER/XDK-Workspace/XdkLiveApplication/src-gen/debug/objects/startup_efm32gg.o
START GROUP
LOAD ./../Platform/SensorUtils/debug/libSensorUtils_efm32_debug.a
LOAD ./../Platform/Sensors/debug/libSensors_efm32_debug.a
LOAD ./../Platform/BSP/debug/libBSP_efm32_debug.a
LOAD ./../Libraries/FreeRTOS/debug/libFreeRTOS_efm32_debug.a
LOAD ./../Libraries/EMlib/debug/libEMLib_efm32_debug.a
LOAD ./../Libraries/BSTLib/debug/libBSTLib_efm32_debug.a
LOAD ./../Libraries/WiFi/debug/libWiFi_efm32_debug.a
LOAD ./../Libraries/FATfs/debug/libFATfs_efm32_debug.a
LOAD ./../Platform/Essentials/release/libEssentials_efm32.a
LOAD ./../Platform/Utils/release/libUtils_efm32.a
LOAD ./../Platform/Drivers/release/libDrivers_efm32.a
LOAD ./../Platform/FOTA/release/libFOTA_efm32.a
LOAD ./../Platform/Wlan/release/libWlan_efm32.a
LOAD ./../Platform/BLE/release/libBLE_efm32.a
LOAD ./../Platform/SensorToolbox/release/libSensorToolbox_efm32.a
LOAD ./../Libraries/BLEStack/3rd-party/Alpwise/ALPW-BLESDKCM3/BLESW_AlertNotification/Libraries/BLESW_ANP_Server_CM3.a
LOAD ./../Libraries/BLEStack/3rd-party/Alpwise/ALPW-BLESDKCM3/BLESW_AlertNotification/Libraries/BLESW_ANP_Client_CM3.a
LOAD ./../Libraries/BLEStack/3rd-party/Alpwise/ALPW-BLESDKCM3/BLESW_ALPWDataExchange/Libraries/BLESW_ALPWDEP_Server_CM3.a
LOAD ./../Libraries/BLEStack/3rd-party/Alpwise/ALPW-BLESDKCM3/BLESW_ALPWDataExchange/Libraries/BLESW_ALPWDEP_Client_CM3.a
LOAD ./../Libraries/BLEStack/3rd-party/Alpwise/ALPW-BLESDKCM3/BLESW_AppleNotificationCenter/Libraries/BLESW_ANCP_Consumer_CM3.a
LOAD ./../Libraries/BLEStack/3rd-party/Alpwise/ALPW-BLESDKCM3/BLESW_BloodPressure/Libraries/BLESW_BLP_Sensor_CM3.a
LOAD ./../Libraries/BLEStack/3rd-party/Alpwise/ALPW-BLESDKCM3/BLESW_BloodPressure/Libraries/BLESW_BLP_Collector_CM3.a
LOAD ./../Libraries/BLEStack/3rd-party/Alpwise/ALPW-BLESDKCM3/BLESW_CoreStack/Libraries/BLESW_CPS_CM3.a
LOAD ./../Libraries/BLEStack/3rd-party/Alpwise/ALPW-BLESDKCM3/BLESW_CoreStack/Libraries/BLESW_CoreStack_CM3.a
LOAD ./../Libraries/BLEStack/3rd-party/Alpwise/ALPW-BLESDKCM3/BLESW_CoreStack/Libraries/BLESW_CSCS_CM3.a
LOAD ./../Libraries/BLEStack/3rd-party/Alpwise/ALPW-BLESDKCM3/BLESW_CoreStack/Libraries/BLESW_RTUS_CM3.a
LOAD ./../Libraries/BLEStack/3rd-party/Alpwise/ALPW-BLESDKCM3/BLESW_CoreStack/Libraries/BLESW_HRS_CM3.a
LOAD ./../Libraries/BLEStack/3rd-party/Alpwise/ALPW-BLESDKCM3/BLESW_CoreStack/Libraries/BLESW_CTS_CM3.a
LOAD ./../Libraries/BLEStack/3rd-party/Alpwise/ALPW-BLESDKCM3/BLESW_CoreStack/Libraries/BLESW_CoreStack_Monitor_CM3.a
LOAD ./../Libraries/BLEStack/3rd-party/Alpwise/ALPW-BLESDKCM3/BLESW_CoreStack/Libraries/BLESW_UDS_CM3.a
LOAD ./../Libraries/BLEStack/3rd-party/Alpwise/ALPW-BLESDKCM3/BLESW_CoreStack/Libraries/BLESW_NDCS_CM3.a
LOAD ./../Libraries/BLEStack/3rd-party/Alpwise/ALPW-BLESDKCM3/BLESW_CoreStack/Libraries/BLESW_TPS_CM3.a
LOAD ./../Libraries/BLEStack/3rd-party/Alpwise/ALPW-BLESDKCM3/BLESW_CoreStack/Libraries/BLESW_BLS_CM3.a
LOAD ./../Libraries/BLEStack/3rd-party/Alpwise/ALPW-BLESDKCM3/BLESW_CoreStack/Libraries/BLESW_LNS_CM3.a
LOAD ./../Libraries/BLEStack/3rd-party/Alpwise/ALPW-BLESDKCM3/BLESW_CoreStack/Libraries/BLESW_LLS_CM3.a
LOAD ./../Libraries/BLEStack/3rd-party/Alpwise/ALPW-BLESDKCM3/BLESW_CoreStack/Libraries/BLESW_WSS_CM3.a
LOAD ./../Libraries/BLEStack/3rd-party/Alpwise/ALPW-BLESDKCM3/BLESW_CoreStack/Libraries/BLESW_RSCS_CM3.a
LOAD ./../Libraries/BLEStack/3rd-party/Alpwise/ALPW-BLESDKCM3/BLESW_CoreStack/Libraries/BLESW_BAS_CM3.a
LOAD ./../Libraries/BLEStack/3rd-party/Alpwise/ALPW-BLESDKCM3/BLESW_CoreStack/Libraries/BLESW_IAS_CM3.a
LOAD ./../Libraries/BLEStack/3rd-party/Alpwise/ALPW-BLESDKCM3/BLESW_CoreStack/Libraries/BLESW_PASS_CM3.a
LOAD ./../Libraries/BLEStack/3rd-party/Alpwise/ALPW-BLESDKCM3/BLESW_CoreStack/Libraries/BLESW_HTS_CM3.a
LOAD ./../Libraries/BLEStack/3rd-party/Alpwise/ALPW-BLESDKCM3/BLESW_CoreStack/Libraries/BLESW_ALPWDES_CM3.a
LOAD ./../Libraries/BLEStack/3rd-party/Alpwise/ALPW-BLESDKCM3/BLESW_CoreStack/Libraries/BLESW_BCS_CM3.a
LOAD ./../Libraries/BLEStack/3rd-party/Alpwise/ALPW-BLESDKCM3/BLESW_CoreStack/Libraries/BLESW_ANS_CM3.a
LOAD ./../Libraries/BLEStack/3rd-party/Alpwise/ALPW-BLESDKCM3/BLESW_CoreStack/Libraries/BLESW_HIDS_CM3.a
LOAD ./../Libraries/BLEStack/3rd-party/Alpwise/ALPW-BLESDKCM3/BLESW_CoreStack/Libraries/BLESW_GLS_CM3.a
LOAD ./../Libraries/BLEStack/3rd-party/Alpwise/ALPW-BLESDKCM3/BLESW_CoreStack/Libraries/BLESW_NWAS_CM3.a
LOAD ./../Libraries/BLEStack/3rd-party/Alpwise/ALPW-BLESDKCM3/BLESW_CoreStack/Libraries/BLESW_DIS_CM3.a
LOAD ./../Libraries/BLEStack/3rd-party/Alpwise/ALPW-BLESDKCM3/BLESW_CyclingPower/Libraries/BLESW_CPP_Sensor_CM3.a
LOAD ./../Libraries/BLEStack/3rd-party/Alpwise/ALPW-BLESDKCM3/BLESW_CyclingPower/Libraries/BLESW_CPP_Collector_CM3.a
LOAD ./../Libraries/BLEStack/3rd-party/Alpwise/ALPW-BLESDKCM3/BLESW_CyclingSpeedAndCadence/Libraries/BLESW_CSCP_Sensor_CM3.a
LOAD ./../Libraries/BLEStack/3rd-party/Alpwise/ALPW-BLESDKCM3/BLESW_CyclingSpeedAndCadence/Libraries/BLESW_CSCP_Collector_CM3.a
LOAD ./../Libraries/BLEStack/3rd-party/Alpwise/ALPW-BLESDKCM3/BLESW_FindMe/Libraries/BLESW_FMP_Target_CM3.a
LOAD ./../Libraries/BLEStack/3rd-party/Alpwise/ALPW-BLESDKCM3/BLESW_FindMe/Libraries/BLESW_FMP_Locator_CM3.a
LOAD ./../Libraries/BLEStack/3rd-party/Alpwise/ALPW-BLESDKCM3/BLESW_Glucose/Libraries/BLESW_GLP_Sensor_CM3.a
LOAD ./../Libraries/BLEStack/3rd-party/Alpwise/ALPW-BLESDKCM3/BLESW_Glucose/Libraries/BLESW_GLP_Collector_CM3.a
LOAD ./../Libraries/BLEStack/3rd-party/Alpwise/ALPW-BLESDKCM3/BLESW_HealthThermometer/Libraries/BLESW_HTP_Thermometer_CM3.a
LOAD ./../Libraries/BLEStack/3rd-party/Alpwise/ALPW-BLESDKCM3/BLESW_HealthThermometer/Libraries/BLESW_HTP_Collector_CM3.a
LOAD ./../Libraries/BLEStack/3rd-party/Alpwise/ALPW-BLESDKCM3/BLESW_HeartRate/Libraries/BLESW_HRP_Sensor_CM3.a
LOAD ./../Libraries/BLEStack/3rd-party/Alpwise/ALPW-BLESDKCM3/BLESW_HeartRate/Libraries/BLESW_HRP_Collector_CM3.a
LOAD ./../Libraries/BLEStack/3rd-party/Alpwise/ALPW-BLESDKCM3/BLESW_HumanInterfaceDevice/Libraries/BLESW_HID_Device_CM3.a
LOAD ./../Libraries/BLEStack/3rd-party/Alpwise/ALPW-BLESDKCM3/BLESW_HumanInterfaceDevice/Libraries/BLESW_HID_Host_CM3.a
LOAD ./../Libraries/BLEStack/3rd-party/Alpwise/ALPW-BLESDKCM3/BLESW_iBeacon/Libraries/BLESW_IBN_Reporter_CM3.a
LOAD ./../Libraries/BLEStack/3rd-party/Alpwise/ALPW-BLESDKCM3/BLESW_LocationAndNavigation/Libraries/BLESW_LNP_Sensor_CM3.a
LOAD ./../Libraries/BLEStack/3rd-party/Alpwise/ALPW-BLESDKCM3/BLESW_LocationAndNavigation/Libraries/BLESW_LNP_Collector_CM3.a
LOAD ./../Libraries/BLEStack/3rd-party/Alpwise/ALPW-BLESDKCM3/BLESW_NetworkAvailability/Libraries/BLESW_NWAP_Monitor_CM3.a
LOAD ./../Libraries/BLEStack/3rd-party/Alpwise/ALPW-BLESDKCM3/BLESW_NetworkAvailability/Libraries/BLESW_NWAP_Reporter_CM3.a
LOAD ./../Libraries/BLEStack/3rd-party/Alpwise/ALPW-BLESDKCM3/BLESW_PhoneAlertStatus/Libraries/BLESW_PASP_Client_CM3.a
LOAD ./../Libraries/BLEStack/3rd-party/Alpwise/ALPW-BLESDKCM3/BLESW_PhoneAlertStatus/Libraries/BLESW_PASP_Server_CM3.a
LOAD ./../Libraries/BLEStack/3rd-party/Alpwise/ALPW-BLESDKCM3/BLESW_Proximity/Libraries/BLESW_PXP_Reporter_CM3.a
LOAD ./../Libraries/BLEStack/3rd-party/Alpwise/ALPW-BLESDKCM3/BLESW_Proximity/Libraries/BLESW_PXP_Monitor_CM3.a
LOAD ./../Libraries/BLEStack/3rd-party/Alpwise/ALPW-BLESDKCM3/BLESW_RunningSpeedAndCadence/Libraries/BLESW_RSCP_Sensor_CM3.a
LOAD ./../Libraries/BLEStack/3rd-party/Alpwise/ALPW-BLESDKCM3/BLESW_RunningSpeedAndCadence/Libraries/BLESW_RSCP_Collector_CM3.a
LOAD ./../Libraries/BLEStack/3rd-party/Alpwise/ALPW-BLESDKCM3/BLESW_Time/Libraries/BLESW_TIP_Server_CM3.a
LOAD ./../Libraries/BLEStack/3rd-party/Alpwise/ALPW-BLESDKCM3/BLESW_Time/Libraries/BLESW_TIP_Client_CM3.a
LOAD ./../Libraries/EMlib/3rd-party/EMLib/CMSIS/Lib/GCC/libarm_cortexM3l_math.a
LOAD ./../Libraries/BSX/BSX4/Source/algo/algo_bsx/Lib/libalgobsxm3/libalgobsx.a
LOAD ./../Platform/LoRaDrivers/release/libLoRaDrivers_efm32.a
LOAD ./../Platform/ServalPAL/release/libServalPal_efm32.a
LOAD ./../Libraries/Escrypt_CycurTLS/release/libEscrypt_CycurTLS_efm32.a
END GROUP
START GROUP
LOAD c:/xdk-workbench/xdk/armgcc/bin/../lib/gcc/arm-none-eabi/4.7.4/armv7-m\libgcc.a
LOAD c:/xdk-workbench/xdk/armgcc/bin/../lib/gcc/arm-none-eabi/4.7.4/../../../../arm-none-eabi/lib/armv7-m\libc.a
LOAD c:/xdk-workbench/xdk/armgcc/bin/../lib/gcc/arm-none-eabi/4.7.4/../../../../arm-none-eabi/lib/armv7-m\libm.a
END GROUP
START GROUP
LOAD c:/xdk-workbench/xdk/armgcc/bin/../lib/gcc/arm-none-eabi/4.7.4/armv7-m\libgcc.a
LOAD c:/xdk-workbench/xdk/armgcc/bin/../lib/gcc/arm-none-eabi/4.7.4/../../../../arm-none-eabi/lib/armv7-m\libc.a
END GROUP
LOAD c:/xdk-workbench/xdk/armgcc/bin/../lib/gcc/arm-none-eabi/4.7.4/armv7-m/crtend.o
LOAD c:/xdk-workbench/xdk/armgcc/bin/../lib/gcc/arm-none-eabi/4.7.4/armv7-m/crtn.o

.text           0x00010000    0x29a3c
 *(.isr_vector)
 .isr_vector    0x00010000      0x100 C:/Users/USER/XDK-Workspace/XdkLiveApplication/src-gen/debug/objects/startup_efm32gg.o
                0x00010000                __isr_vector
 *(.text*)
 .text          0x00010100       0x54 c:/xdk-workbench/xdk/armgcc/bin/../lib/gcc/arm-none-eabi/4.7.4/armv7-m/crtbegin.o
 .text          0x00010154       0x70 c:/xdk-workbench/xdk/armgcc/bin/../lib/gcc/arm-none-eabi/4.7.4/../../../../arm-none-eabi/lib/armv7-m/crt0.o
                0x00010154                _start
                0x00010154                start
                0x00010154                _mainCRTStartup
 .text.Assert_Initialize
                0x000101c4       0x40 C:/Users/USER/XDK-Workspace/XdkLiveApplication/src-gen/debug/objects/source/Assert.o
                0x000101c4                Assert_Initialize
 .text.Assert_Dynamic
                0x00010204       0x2c C:/Users/USER/XDK-Workspace/XdkLiveApplication/src-gen/debug/objects/source/Assert.o
                0x00010204                Assert_Dynamic
 .text._close   0x00010230       0x18 C:/Users/USER/XDK-Workspace/XdkLiveApplication/src-gen/debug/objects/source/RetargetStdio.o
                0x00010230                _close
 .text._exit    0x00010248        0xc C:/Users/USER/XDK-Workspace/XdkLiveApplication/src-gen/debug/objects/source/RetargetStdio.o
                0x00010248                _exit
 .text._fstat   0x00010254       0x24 C:/Users/USER/XDK-Workspace/XdkLiveApplication/src-gen/debug/objects/source/RetargetStdio.o
                0x00010254                _fstat
 .text._isatty  0x00010278       0x18 C:/Users/USER/XDK-Workspace/XdkLiveApplication/src-gen/debug/objects/source/RetargetStdio.o
                0x00010278                _isatty
 .text._lseek   0x00010290       0x1c C:/Users/USER/XDK-Workspace/XdkLiveApplication/src-gen/debug/objects/source/RetargetStdio.o
                0x00010290                _lseek
 .text._read    0x000102ac       0x70 C:/Users/USER/XDK-Workspace/XdkLiveApplication/src-gen/debug/objects/source/RetargetStdio.o
                0x000102ac                _read
 .text._sbrk    0x0001031c       0xa0 C:/Users/USER/XDK-Workspace/XdkLiveApplication/src-gen/debug/objects/source/RetargetStdio.o
                0x0001031c                _sbrk
 .text._write   0x000103bc       0x20 C:/Users/USER/XDK-Workspace/XdkLiveApplication/src-gen/debug/objects/source/RetargetStdio.o
                0x000103bc                _write
 .text.NVIC_SystemReset
                0x000103dc       0x30 C:/Users/USER/XDK-Workspace/XdkLiveApplication/src-gen/debug/objects/source/UsbResetUtility.o
 .text.UsbResetUtility_SystemReset
                0x0001040c       0x10 C:/Users/USER/XDK-Workspace/XdkLiveApplication/src-gen/debug/objects/source/UsbResetUtility.o
 .text.UsbResetUtility_InteruptHandling
                0x0001041c       0x54 C:/Users/USER/XDK-Workspace/XdkLiveApplication/src-gen/debug/objects/source/UsbResetUtility.o
 .text.UsbResetUtility_Init
                0x00010470       0x40 C:/Users/USER/XDK-Workspace/XdkLiveApplication/src-gen/debug/objects/source/UsbResetUtility.o
                0x00010470                UsbResetUtility_Init
 .text.UsbResetUtility_UsbISRCallback
                0x000104b0      0x138 C:/Users/USER/XDK-Workspace/XdkLiveApplication/src-gen/debug/objects/source/UsbResetUtility.o
                0x000104b0                UsbResetUtility_UsbISRCallback
 .text.Retcode_GetPackage
                0x000105e8       0x1c C:/Users/USER/XDK-Workspace/XdkLiveApplication/src-gen/debug/objects/source/SystemStartup.o
 .text.Retcode_GetModuleId
                0x00010604       0x1c C:/Users/USER/XDK-Workspace/XdkLiveApplication/src-gen/debug/objects/source/SystemStartup.o
 .text.Retcode_GetSeverity
                0x00010620       0x24 C:/Users/USER/XDK-Workspace/XdkLiveApplication/src-gen/debug/objects/source/SystemStartup.o
 .text.Retcode_GetCode
                0x00010644       0x20 C:/Users/USER/XDK-Workspace/XdkLiveApplication/src-gen/debug/objects/source/SystemStartup.o
 .text.bleGetMacAddress
                0x00010664       0xec C:/Users/USER/XDK-Workspace/XdkLiveApplication/src-gen/debug/objects/source/SystemStartup.o
 .text.SysTickPreCallback
                0x00010750       0x14 C:/Users/USER/XDK-Workspace/XdkLiveApplication/src-gen/debug/objects/source/SystemStartup.o
 .text.DefaultErrorHandlingFunc
                0x00010764       0xf4 C:/Users/USER/XDK-Workspace/XdkLiveApplication/src-gen/debug/objects/source/SystemStartup.o
                0x00010764                DefaultErrorHandlingFunc
 .text.assertIndicationMapping
                0x00010858       0x44 C:/Users/USER/XDK-Workspace/XdkLiveApplication/src-gen/debug/objects/source/SystemStartup.o
                0x00010858                assertIndicationMapping
 .text.systemStartup
                0x0001089c      0x154 C:/Users/USER/XDK-Workspace/XdkLiveApplication/src-gen/debug/objects/source/SystemStartup.o
                0x0001089c                systemStartup
 .text.vApplicationStackOverflowHook
                0x000109f0       0x5c C:/Users/USER/XDK-Workspace/XdkLiveApplication/src-gen/debug/objects/source/SystemStartup.o
                0x000109f0                vApplicationStackOverflowHook
 .text.vApplicationMallocFailedHook
                0x00010a4c       0x14 C:/Users/USER/XDK-Workspace/XdkLiveApplication/src-gen/debug/objects/source/SystemStartup.o
                0x00010a4c                vApplicationMallocFailedHook
 .text.ServalPalSetup
                0x00010a60       0x50 C:/Users/USER/XDK-Workspace/XdkLiveApplication/src-gen/debug/objects/legacy/source/ServalPAL_WiFi.o
 .text.PAL_initialize
                0x00010ab0       0x30 C:/Users/USER/XDK-Workspace/XdkLiveApplication/src-gen/debug/objects/legacy/source/ServalPAL_WiFi.o
                0x00010ab0                PAL_initialize
 .text.PAL_getIpaddress
                0x00010ae0       0x40 C:/Users/USER/XDK-Workspace/XdkLiveApplication/src-gen/debug/objects/legacy/source/ServalPAL_WiFi.o
                0x00010ae0                PAL_getIpaddress
 .text.PAL_socketMonitorInit
                0x00010b20       0x48 C:/Users/USER/XDK-Workspace/XdkLiveApplication/src-gen/debug/objects/legacy/source/ServalPAL_WiFi.o
                0x00010b20                PAL_socketMonitorInit
 .text.INT_Disable
                0x00010b68       0x40 C:/Users/USER/XDK-Workspace/XdkLiveApplication/src-gen/debug/objects/./../Libraries/EMlib/3rd-party/EMLib/usb/src/em_usbdint.o
 .text.INT_Enable
                0x00010ba8       0x54 C:/Users/USER/XDK-Workspace/XdkLiveApplication/src-gen/debug/objects/./../Libraries/EMlib/3rd-party/EMLib/usb/src/em_usbdint.o
 .text.USBHAL_FlushTxFifo
                0x00010bfc       0x4c C:/Users/USER/XDK-Workspace/XdkLiveApplication/src-gen/debug/objects/./../Libraries/EMlib/3rd-party/EMLib/usb/src/em_usbdint.o
 .text.USBHAL_GetCoreInts
                0x00010c48       0x40 C:/Users/USER/XDK-Workspace/XdkLiveApplication/src-gen/debug/objects/./../Libraries/EMlib/3rd-party/EMLib/usb/src/em_usbdint.o
 .text.USBDHAL_EnableInts
                0x00010c88       0x70 C:/Users/USER/XDK-Workspace/XdkLiveApplication/src-gen/debug/objects/./../Libraries/EMlib/3rd-party/EMLib/usb/src/em_usbdint.o
 .text.USBDHAL_Ep0Activate
                0x00010cf8       0x70 C:/Users/USER/XDK-Workspace/XdkLiveApplication/src-gen/debug/objects/./../Libraries/EMlib/3rd-party/EMLib/usb/src/em_usbdint.o
 .text.USBDHAL_GetAllInEpInts
                0x00010d68       0x48 C:/Users/USER/XDK-Workspace/XdkLiveApplication/src-gen/debug/objects/./../Libraries/EMlib/3rd-party/EMLib/usb/src/em_usbdint.o
 .text.USBDHAL_GetAllOutEpInts
                0x00010db0       0x44 C:/Users/USER/XDK-Workspace/XdkLiveApplication/src-gen/debug/objects/./../Libraries/EMlib/3rd-party/EMLib/usb/src/em_usbdint.o
 .text.USBDHAL_GetInEpInts
                0x00010df4       0x44 C:/Users/USER/XDK-Workspace/XdkLiveApplication/src-gen/debug/objects/./../Libraries/EMlib/3rd-party/EMLib/usb/src/em_usbdint.o
 .text.USBDHAL_GetOutEpInts
                0x00010e38       0x44 C:/Users/USER/XDK-Workspace/XdkLiveApplication/src-gen/debug/objects/./../Libraries/EMlib/3rd-party/EMLib/usb/src/em_usbdint.o
 .text.USBDHAL_StartEp0Setup
                0x00010e7c       0x88 C:/Users/USER/XDK-Workspace/XdkLiveApplication/src-gen/debug/objects/./../Libraries/EMlib/3rd-party/EMLib/usb/src/em_usbdint.o
 .text.USBD_GetEpFromAddr
                0x00010f04       0xa0 C:/Users/USER/XDK-Workspace/XdkLiveApplication/src-gen/debug/objects/./../Libraries/EMlib/3rd-party/EMLib/usb/src/em_usbdint.o
 .text.USB_IRQHandler
                0x00010fa4      0x16c C:/Users/USER/XDK-Workspace/XdkLiveApplication/src-gen/debug/objects/./../Libraries/EMlib/3rd-party/EMLib/usb/src/em_usbdint.o
                0x00010fa4                USB_IRQHandler
 .text.Handle_USB_GINTSTS_ENUMDONE
                0x00011110       0x3c C:/Users/USER/XDK-Workspace/XdkLiveApplication/src-gen/debug/objects/./../Libraries/EMlib/3rd-party/EMLib/usb/src/em_usbdint.o
 .text.Handle_USB_GINTSTS_IEPINT
                0x0001114c      0x118 C:/Users/USER/XDK-Workspace/XdkLiveApplication/src-gen/debug/objects/./../Libraries/EMlib/3rd-party/EMLib/usb/src/em_usbdint.o
 .text.Handle_USB_GINTSTS_OEPINT
                0x00011264      0x230 C:/Users/USER/XDK-Workspace/XdkLiveApplication/src-gen/debug/objects/./../Libraries/EMlib/3rd-party/EMLib/usb/src/em_usbdint.o
 .text.Handle_USB_GINTSTS_RESETDET
                0x00011494       0x40 C:/Users/USER/XDK-Workspace/XdkLiveApplication/src-gen/debug/objects/./../Libraries/EMlib/3rd-party/EMLib/usb/src/em_usbdint.o
 .text.Handle_USB_GINTSTS_SOF
                0x000114d4       0x64 C:/Users/USER/XDK-Workspace/XdkLiveApplication/src-gen/debug/objects/./../Libraries/EMlib/3rd-party/EMLib/usb/src/em_usbdint.o
 .text.Handle_USB_GINTSTS_USBRST
                0x00011538      0x150 C:/Users/USER/XDK-Workspace/XdkLiveApplication/src-gen/debug/objects/./../Libraries/EMlib/3rd-party/EMLib/usb/src/em_usbdint.o
 .text.Handle_USB_GINTSTS_USBSUSP
                0x00011688       0x68 C:/Users/USER/XDK-Workspace/XdkLiveApplication/src-gen/debug/objects/./../Libraries/EMlib/3rd-party/EMLib/usb/src/em_usbdint.o
 .text.Handle_USB_GINTSTS_WKUPINT
                0x000116f0       0x30 C:/Users/USER/XDK-Workspace/XdkLiveApplication/src-gen/debug/objects/./../Libraries/EMlib/3rd-party/EMLib/usb/src/em_usbdint.o
 .text.main     0x00011720       0xc8 C:/Users/USER/XDK-Workspace/XdkLiveApplication/src-gen/debug/objects/main.o
                0x00011720                main
 .text.XdkLive_initialize
                0x000117e8      0x164 C:/Users/USER/XDK-Workspace/XdkLiveApplication/src-gen/debug/objects/main.o
 .text.XdkLive_goLive
                0x0001194c      0x168 C:/Users/USER/XDK-Workspace/XdkLiveApplication/src-gen/debug/objects/main.o
 .text.ConnectivityLEDHmi_Setup
                0x00011ab4       0x40 C:/Users/USER/XDK-Workspace/XdkLiveApplication/src-gen/debug/objects/base/ConnectivityLEDHmi.o
                0x00011ab4                ConnectivityLEDHmi_Setup
 .text.ConnectivityLEDHmi_Enable
                0x00011af4       0x10 C:/Users/USER/XDK-Workspace/XdkLiveApplication/src-gen/debug/objects/base/ConnectivityLEDHmi.o
                0x00011af4                ConnectivityLEDHmi_Enable
 .text.ConnectivityLEDHmi_Led_test_Write
                0x00011b04       0x48 C:/Users/USER/XDK-Workspace/XdkLiveApplication/src-gen/debug/objects/base/ConnectivityLEDHmi.o
                0x00011b04                ConnectivityLEDHmi_Led_test_Write
 .text.ConnectivityWLANMywlan_Setup
                0x00011b4c       0x48 C:/Users/USER/XDK-Workspace/XdkLiveApplication/src-gen/debug/objects/base/ConnectivityWLANMywlan.o
                0x00011b4c                ConnectivityWLANMywlan_Setup
 .text.ConnectivityWLANMywlan_Enable
                0x00011b94      0x120 C:/Users/USER/XDK-Workspace/XdkLiveApplication/src-gen/debug/objects/base/ConnectivityWLANMywlan.o
                0x00011b94                ConnectivityWLANMywlan_Enable
 .text.StringDescr_wrap
                0x00011cb4       0x54 C:/Users/USER/XDK-Workspace/XdkLiveApplication/src-gen/debug/objects/base/ConnectivityMQTTMqtt_test.o
 .text.ConnectivityMQTTMqtt_test_Setup
                0x00011d08       0x40 C:/Users/USER/XDK-Workspace/XdkLiveApplication/src-gen/debug/objects/base/ConnectivityMQTTMqtt_test.o
                0x00011d08                ConnectivityMQTTMqtt_test_Setup
 .text.ConnectivityMQTTMqtt_test_Enable
                0x00011d48      0x1d4 C:/Users/USER/XDK-Workspace/XdkLiveApplication/src-gen/debug/objects/base/ConnectivityMQTTMqtt_test.o
                0x00011d48                ConnectivityMQTTMqtt_test_Enable
 .text.ConnectivityMQTTMqtt_test_Data_publish_Write
                0x00011f1c       0xb8 C:/Users/USER/XDK-Workspace/XdkLiveApplication/src-gen/debug/objects/base/ConnectivityMQTTMqtt_test.o
                0x00011f1c                ConnectivityMQTTMqtt_test_Data_publish_Write
 .text.mqttEventHandler
                0x00011fd4      0x168 C:/Users/USER/XDK-Workspace/XdkLiveApplication/src-gen/debug/objects/base/ConnectivityMQTTMqtt_test.o
 .text.ButtonOne_OnEvent
                0x0001213c       0x40 C:/Users/USER/XDK-Workspace/XdkLiveApplication/src-gen/debug/objects/base/SensorButton_one.o
                0x0001213c                ButtonOne_OnEvent
 .text.SensorButton_one_Setup
                0x0001217c       0x10 C:/Users/USER/XDK-Workspace/XdkLiveApplication/src-gen/debug/objects/base/SensorButton_one.o
                0x0001217c                SensorButton_one_Setup
 .text.SensorButton_one_Enable
                0x0001218c       0x38 C:/Users/USER/XDK-Workspace/XdkLiveApplication/src-gen/debug/objects/base/SensorButton_one.o
                0x0001218c                SensorButton_one_Enable
 .text.ButtonTwo_OnEvent
                0x000121c4       0x40 C:/Users/USER/XDK-Workspace/XdkLiveApplication/src-gen/debug/objects/base/SensorButton_two.o
                0x000121c4                ButtonTwo_OnEvent
 .text.SensorButton_two_Setup
                0x00012204       0x10 C:/Users/USER/XDK-Workspace/XdkLiveApplication/src-gen/debug/objects/base/SensorButton_two.o
                0x00012204                SensorButton_two_Setup
 .text.SensorButton_two_Enable
                0x00012214       0x38 C:/Users/USER/XDK-Workspace/XdkLiveApplication/src-gen/debug/objects/base/SensorButton_two.o
                0x00012214                SensorButton_two_Enable
 .text.HandleEveryButton_onePressed1
                0x0001224c       0x68 C:/Users/USER/XDK-Workspace/XdkLiveApplication/src-gen/debug/objects/application.o
                0x0001224c                HandleEveryButton_onePressed1
 .text.HandleEveryButton_twoPressed1
                0x000122b4       0x48 C:/Users/USER/XDK-Workspace/XdkLiveApplication/src-gen/debug/objects/application.o
                0x000122b4                HandleEveryButton_twoPressed1
 .text          0x000122fc       0x98 C:/Users/USER/XDK-Workspace/XdkLiveApplication/src-gen/debug/objects/startup_efm32gg.o
                0x000122fc                Reset_Handler
                0x00012330                Default_Handler
                0x00012332                NMI_Handler
                0x00012334                HardFault_Handler
                0x00012336                MemManage_Handler
                0x00012338                BusFault_Handler
                0x0001233a                UsageFault_Handler
                0x0001233e                DebugMon_Handler
                0x00012348                TIMER0_IRQHandler
                0x0001234e                ACMP0_IRQHandler
                0x00012352                ADC0_IRQHandler
                0x00012354                DAC0_IRQHandler
                0x0001235c                TIMER1_IRQHandler
                0x0001235e                TIMER2_IRQHandler
                0x00012360                TIMER3_IRQHandler
                0x00012366                LESENSE_IRQHandler
                0x00012374                LEUART0_IRQHandler
                0x00012376                LEUART1_IRQHandler
                0x00012378                LETIMER0_IRQHandler
                0x0001237a                PCNT0_IRQHandler
                0x0001237c                PCNT1_IRQHandler
                0x0001237e                PCNT2_IRQHandler
                0x00012382                BURTC_IRQHandler
                0x00012384                CMU_IRQHandler
                0x00012386                VCMP_IRQHandler
                0x00012388                LCD_IRQHandler
                0x0001238a                MSC_IRQHandler
                0x0001238c                AES_IRQHandler
                0x0001238e                EBI_IRQHandler
                0x00012390                EMU_IRQHandler
 .text.GPIO_PinOutClear
                0x00012394       0x4c ./../Platform/BSP/debug/libBSP_efm32_debug.a(BSP_LED.o)
 .text.GPIO_PinOutSet
                0x000123e0       0x4c ./../Platform/BSP/debug/libBSP_efm32_debug.a(BSP_LED.o)
 .text.GPIO_PinOutToggle
                0x0001242c       0x4c ./../Platform/BSP/debug/libBSP_efm32_debug.a(BSP_LED.o)
 .text.BSP_LED_Connect
                0x00012478       0x48 ./../Platform/BSP/debug/libBSP_efm32_debug.a(BSP_LED.o)
                0x00012478                BSP_LED_Connect
 .text.BSP_LED_Enable
                0x000124c0       0x64 ./../Platform/BSP/debug/libBSP_efm32_debug.a(BSP_LED.o)
                0x000124c0                BSP_LED_Enable
 .text.BSP_LED_EnableAll
                0x00012524       0x3c ./../Platform/BSP/debug/libBSP_efm32_debug.a(BSP_LED.o)
                0x00012524                BSP_LED_EnableAll
 .text.BSP_LED_Switch
                0x00012560      0x15c ./../Platform/BSP/debug/libBSP_efm32_debug.a(BSP_LED.o)
                0x00012560                BSP_LED_Switch
 .text.BSP_LED_SwitchAll
                0x000126bc       0xd0 ./../Platform/BSP/debug/libBSP_efm32_debug.a(BSP_LED.o)
                0x000126bc                BSP_LED_SwitchAll
 .text.USB_setSerialNumber
                0x0001278c       0x7c ./../Platform/BSP/debug/libBSP_efm32_debug.a(BSP_USB.o)
 .text.USB_dataReceivedCallback
                0x00012808       0x98 ./../Platform/BSP/debug/libBSP_efm32_debug.a(BSP_USB.o)
 .text.USB_dataTransferred
                0x000128a0       0x4c ./../Platform/BSP/debug/libBSP_efm32_debug.a(BSP_USB.o)
 .text.USB_stateChange
                0x000128ec       0x58 ./../Platform/BSP/debug/libBSP_efm32_debug.a(BSP_USB.o)
                0x000128ec                USB_stateChange
 .text.USB_setupCommand
                0x00012944      0x108 ./../Platform/BSP/debug/libBSP_efm32_debug.a(BSP_USB.o)
                0x00012944                USB_setupCommand
 .text.USB_init
                0x00012a4c       0xd0 ./../Platform/BSP/debug/libBSP_efm32_debug.a(BSP_USB.o)
                0x00012a4c                USB_init
 .text.USB_receiveByte
                0x00012b1c       0xa0 ./../Platform/BSP/debug/libBSP_efm32_debug.a(BSP_USB.o)
                0x00012b1c                USB_receiveByte
 .text.RETARGET_WriteChar
                0x00012bbc       0x2c ./../Platform/BSP/debug/libBSP_efm32_debug.a(BSP_USB.o)
                0x00012bbc                RETARGET_WriteChar
 .text.USB_transmitData
                0x00012be8       0xc4 ./../Platform/BSP/debug/libBSP_efm32_debug.a(BSP_USB.o)
                0x00012be8                USB_transmitData
 .text.RETARGET_ReadChar
                0x00012cac       0x24 ./../Platform/BSP/debug/libBSP_efm32_debug.a(BSP_USB.o)
                0x00012cac                RETARGET_ReadChar
 .text.USB_callBackMapping
                0x00012cd0       0x38 ./../Platform/BSP/debug/libBSP_efm32_debug.a(BSP_USB.o)
                0x00012cd0                USB_callBackMapping
 .text.NVIC_SetPriorityGrouping
                0x00012d08       0x50 ./../Platform/BSP/debug/libBSP_efm32_debug.a(BSP_Board.o)
 .text.NVIC_EnableIRQ
                0x00012d58       0x38 ./../Platform/BSP/debug/libBSP_efm32_debug.a(BSP_Board.o)
 .text.NVIC_DisableIRQ
                0x00012d90       0x3c ./../Platform/BSP/debug/libBSP_efm32_debug.a(BSP_Board.o)
 .text.NVIC_ClearPendingIRQ
                0x00012dcc       0x3c ./../Platform/BSP/debug/libBSP_efm32_debug.a(BSP_Board.o)
 .text.NVIC_SetPriority
                0x00012e08       0x5c ./../Platform/BSP/debug/libBSP_efm32_debug.a(BSP_Board.o)
 .text.SysTick_Config
                0x00012e64       0x64 ./../Platform/BSP/debug/libBSP_efm32_debug.a(BSP_Board.o)
 .text.CHIP_Init
                0x00012ec8       0x50 ./../Platform/BSP/debug/libBSP_efm32_debug.a(BSP_Board.o)
 .text.GPIO_PinOutClear
                0x00012f18       0x4c ./../Platform/BSP/debug/libBSP_efm32_debug.a(BSP_Board.o)
 .text.GPIO_PinOutSet
                0x00012f64       0x4c ./../Platform/BSP/debug/libBSP_efm32_debug.a(BSP_Board.o)
 .text.INT_Disable
                0x00012fb0       0x40 ./../Platform/BSP/debug/libBSP_efm32_debug.a(BSP_Board.o)
 .text.INT_Enable
                0x00012ff0       0x54 ./../Platform/BSP/debug/libBSP_efm32_debug.a(BSP_Board.o)
 .text.BSP_Board_OSTickInitialize
                0x00013044       0x2c ./../Platform/BSP/debug/libBSP_efm32_debug.a(BSP_Board.o)
                0x00013044                BSP_Board_OSTickInitialize
 .text.BSP_Board_Initialize
                0x00013070      0x150 ./../Platform/BSP/debug/libBSP_efm32_debug.a(BSP_Board.o)
                0x00013070                BSP_Board_Initialize
 .text.BSP_Board_Delay
                0x000131c0       0x30 ./../Platform/BSP/debug/libBSP_efm32_debug.a(BSP_Board.o)
                0x000131c0                BSP_Board_Delay
 .text.BSP_Board_SetOStoBSPDelayFunc
                0x000131f0       0x20 ./../Platform/BSP/debug/libBSP_efm32_debug.a(BSP_Board.o)
                0x000131f0                BSP_Board_SetOStoBSPDelayFunc
 .text.Board_GPIOInterruptInit
                0x00013210       0x30 ./../Platform/BSP/debug/libBSP_efm32_debug.a(BSP_Board.o)
                0x00013210                Board_GPIOInterruptInit
 .text.Board_GPIOInterruptGetCallback
                0x00013240       0x24 ./../Platform/BSP/debug/libBSP_efm32_debug.a(BSP_Board.o)
                0x00013240                Board_GPIOInterruptGetCallback
 .text.Board_GPIOInterruptRegisterCallback
                0x00013264       0x38 ./../Platform/BSP/debug/libBSP_efm32_debug.a(BSP_Board.o)
                0x00013264                Board_GPIOInterruptRegisterCallback
 .text.Board_GPIOInterruptDispatch
                0x0001329c       0x64 ./../Platform/BSP/debug/libBSP_efm32_debug.a(BSP_Board.o)
                0x0001329c                Board_GPIOInterruptDispatch
 .text.Board_UART0_UART_Init
                0x00013300       0xcc ./../Platform/BSP/debug/libBSP_efm32_debug.a(BSP_Board.o)
                0x00013300                Board_UART0_UART_Init
 .text.Board_UART1_UART_Init
                0x000133cc       0xcc ./../Platform/BSP/debug/libBSP_efm32_debug.a(BSP_Board.o)
                0x000133cc                Board_UART1_UART_Init
 .text.Board_USART0_SPI_Init
                0x00013498       0xa8 ./../Platform/BSP/debug/libBSP_efm32_debug.a(BSP_Board.o)
                0x00013498                Board_USART0_SPI_Init
 .text.Board_USART1_SPI_Init
                0x00013540       0x8c ./../Platform/BSP/debug/libBSP_efm32_debug.a(BSP_Board.o)
                0x00013540                Board_USART1_SPI_Init
 .text.Board_GPIO_Init
                0x000135cc       0x6c ./../Platform/BSP/debug/libBSP_efm32_debug.a(BSP_Board.o)
                0x000135cc                Board_GPIO_Init
 .text.Board_WakeupPowerSupply2V5
                0x00013638       0x50 ./../Platform/BSP/debug/libBSP_efm32_debug.a(BSP_Board.o)
                0x00013638                Board_WakeupPowerSupply2V5
 .text.Board_SnoozePowerSupply2V5
                0x00013688       0x4c ./../Platform/BSP/debug/libBSP_efm32_debug.a(BSP_Board.o)
                0x00013688                Board_SnoozePowerSupply2V5
 .text.PowerSupply2V5UpdateRegister
                0x000136d4      0x268 ./../Platform/BSP/debug/libBSP_efm32_debug.a(BSP_Board.o)
                0x000136d4                PowerSupply2V5UpdateRegister
 .text.Board_ADC_Init
                0x0001393c       0x78 ./../Platform/BSP/debug/libBSP_efm32_debug.a(BSP_Board.o)
                0x0001393c                Board_ADC_Init
 .text.Board_I2C0_Init
                0x000139b4       0x54 ./../Platform/BSP/debug/libBSP_efm32_debug.a(BSP_Board.o)
                0x000139b4                Board_I2C0_Init
 .text.Board_I2C1_Init
                0x00013a08       0x54 ./../Platform/BSP/debug/libBSP_efm32_debug.a(BSP_Board.o)
                0x00013a08                Board_I2C1_Init
 .text.Board_USB_Init
                0x00013a5c       0x70 ./../Platform/BSP/debug/libBSP_efm32_debug.a(BSP_Board.o)
                0x00013a5c                Board_USB_Init
 .text.Board_IncTick
                0x00013acc       0x24 ./../Platform/BSP/debug/libBSP_efm32_debug.a(BSP_Board.o)
                0x00013acc                Board_IncTick
 .text.Board_GetTick
                0x00013af0       0x18 ./../Platform/BSP/debug/libBSP_efm32_debug.a(BSP_Board.o)
                0x00013af0                Board_GetTick
 .text.Board_Delay
                0x00013b08       0x30 ./../Platform/BSP/debug/libBSP_efm32_debug.a(BSP_Board.o)
                0x00013b08                Board_Delay
 .text.Board_RTC_Init
                0x00013b38       0xa0 ./../Platform/BSP/debug/libBSP_efm32_debug.a(BSP_Board.o)
                0x00013b38                Board_RTC_Init
 .text.Board_BURTC_Init
                0x00013bd8       0x28 ./../Platform/BSP/debug/libBSP_efm32_debug.a(BSP_Board.o)
                0x00013bd8                Board_BURTC_Init
 .text.BSP_Board_EnableSysTick
                0x00013c00       0x38 ./../Platform/BSP/debug/libBSP_efm32_debug.a(BSP_Board.o)
                0x00013c00                BSP_Board_EnableSysTick
 .text.NVIC_EnableIRQ
                0x00013c38       0x38 ./../Platform/BSP/debug/libBSP_efm32_debug.a(BSP_Button.o)
 .text.NVIC_DisableIRQ
                0x00013c70       0x3c ./../Platform/BSP/debug/libBSP_efm32_debug.a(BSP_Button.o)
 .text.GPIO_PinInGet
                0x00013cac       0x4c ./../Platform/BSP/debug/libBSP_efm32_debug.a(BSP_Button.o)
 .text.BSP_Button_Connect
                0x00013cf8       0x34 ./../Platform/BSP/debug/libBSP_efm32_debug.a(BSP_Button.o)
                0x00013cf8                BSP_Button_Connect
 .text.BSP_Button_Enable
                0x00013d2c      0x190 ./../Platform/BSP/debug/libBSP_efm32_debug.a(BSP_Button.o)
                0x00013d2c                BSP_Button_Enable
 .text.Button1InterruptCallback
                0x00013ebc       0x60 ./../Platform/BSP/debug/libBSP_efm32_debug.a(BSP_Button.o)
 .text.Button2InterruptCallback
                0x00013f1c       0x5c ./../Platform/BSP/debug/libBSP_efm32_debug.a(BSP_Button.o)
 .text.NVIC_EnableIRQ
                0x00013f78       0x38 ./../Platform/BSP/debug/libBSP_efm32_debug.a(BSP_DMA.o)
 .text.NVIC_ClearPendingIRQ
                0x00013fb0       0x3c ./../Platform/BSP/debug/libBSP_efm32_debug.a(BSP_DMA.o)
 .text.NVIC_SetPriority
                0x00013fec       0x5c ./../Platform/BSP/debug/libBSP_efm32_debug.a(BSP_DMA.o)
 .text.BSP_DMA_Initialize
                0x00014048       0x88 ./../Platform/BSP/debug/libBSP_efm32_debug.a(BSP_DMA.o)
                0x00014048                BSP_DMA_Initialize
 .text.BSP_DMA_Enable
                0x000140d0       0x54 ./../Platform/BSP/debug/libBSP_efm32_debug.a(BSP_DMA.o)
                0x000140d0                BSP_DMA_Enable
 .text.GPIO_IntClear
                0x00014124       0x20 ./../Platform/BSP/debug/libBSP_efm32_debug.a(BSP_IrqHandler.o)
 .text.GPIO_IntGetEnabled
                0x00014144       0x30 ./../Platform/BSP/debug/libBSP_efm32_debug.a(BSP_IrqHandler.o)
 .text.SysTick_Handler
                0x00014174       0x40 ./../Platform/BSP/debug/libBSP_efm32_debug.a(BSP_IrqHandler.o)
                0x00014174                SysTick_Handler
 .text.GPIO_EVEN_IRQHandler
                0x000141b4       0x28 ./../Platform/BSP/debug/libBSP_efm32_debug.a(BSP_IrqHandler.o)
                0x000141b4                GPIO_EVEN_IRQHandler
 .text.GPIO_ODD_IRQHandler
                0x000141dc       0x28 ./../Platform/BSP/debug/libBSP_efm32_debug.a(BSP_IrqHandler.o)
                0x000141dc                GPIO_ODD_IRQHandler
 .text.UART0_TX_IRQHandler
                0x00014204        0xc ./../Platform/BSP/debug/libBSP_efm32_debug.a(BSP_IrqHandler.o)
                0x00014204                UART0_TX_IRQHandler
 .text.UART0_RX_IRQHandler
                0x00014210        0xc ./../Platform/BSP/debug/libBSP_efm32_debug.a(BSP_IrqHandler.o)
                0x00014210                UART0_RX_IRQHandler
 .text.USART0_TX_IRQHandler
                0x0001421c        0xc ./../Platform/BSP/debug/libBSP_efm32_debug.a(BSP_IrqHandler.o)
                0x0001421c                USART0_TX_IRQHandler
 .text.USART0_RX_IRQHandler
                0x00014228        0xc ./../Platform/BSP/debug/libBSP_efm32_debug.a(BSP_IrqHandler.o)
                0x00014228                USART0_RX_IRQHandler
 .text.I2C0_IRQHandler
                0x00014234        0xc ./../Platform/BSP/debug/libBSP_efm32_debug.a(BSP_IrqHandler.o)
                0x00014234                I2C0_IRQHandler
 .text.I2C1_IRQHandler
                0x00014240        0xc ./../Platform/BSP/debug/libBSP_efm32_debug.a(BSP_IrqHandler.o)
                0x00014240                I2C1_IRQHandler
 .text.USART2_TX_IRQHandler
                0x0001424c        0xc ./../Platform/BSP/debug/libBSP_efm32_debug.a(BSP_IrqHandler.o)
                0x0001424c                USART2_TX_IRQHandler
 .text.USART2_RX_IRQHandler
                0x00014258        0xc ./../Platform/BSP/debug/libBSP_efm32_debug.a(BSP_IrqHandler.o)
                0x00014258                USART2_RX_IRQHandler
 .text.UART1_TX_IRQHandler
                0x00014264        0xc ./../Platform/BSP/debug/libBSP_efm32_debug.a(BSP_IrqHandler.o)
                0x00014264                UART1_TX_IRQHandler
 .text.UART1_RX_IRQHandler
                0x00014270        0xc ./../Platform/BSP/debug/libBSP_efm32_debug.a(BSP_IrqHandler.o)
                0x00014270                UART1_RX_IRQHandler
 .text.USART1_TX_IRQHandler
                0x0001427c        0xc ./../Platform/BSP/debug/libBSP_efm32_debug.a(BSP_IrqHandler.o)
                0x0001427c                USART1_TX_IRQHandler
 .text.USART1_RX_IRQHandler
                0x00014288        0xc ./../Platform/BSP/debug/libBSP_efm32_debug.a(BSP_IrqHandler.o)
                0x00014288                USART1_RX_IRQHandler
 .text.RTC_IRQHandler
                0x00014294        0xc ./../Platform/BSP/debug/libBSP_efm32_debug.a(BSP_IrqHandler.o)
                0x00014294                RTC_IRQHandler
 .text.IrqHandler_SysTickDummyHandler
                0x000142a0       0x10 ./../Platform/BSP/debug/libBSP_efm32_debug.a(BSP_IrqHandler.o)
                0x000142a0                IrqHandler_SysTickDummyHandler
 .text.BSP_ExtensionPort_I2cIsr
                0x000142b0       0x5c ./../Platform/BSP/debug/libBSP_efm32_debug.a(BSP_ExtensionPort.o)
                0x000142b0                BSP_ExtensionPort_I2cIsr
 .text.BSP_ExtensionPort_SpiRxIsr
                0x0001430c       0x5c ./../Platform/BSP/debug/libBSP_efm32_debug.a(BSP_ExtensionPort.o)
                0x0001430c                BSP_ExtensionPort_SpiRxIsr
 .text.BSP_ExtensionPort_SpiTxIsr
                0x00014368       0x5c ./../Platform/BSP/debug/libBSP_efm32_debug.a(BSP_ExtensionPort.o)
                0x00014368                BSP_ExtensionPort_SpiTxIsr
 .text.BSP_ExtensionPort_UARTRxIsr
                0x000143c4       0x5c ./../Platform/BSP/debug/libBSP_efm32_debug.a(BSP_ExtensionPort.o)
                0x000143c4                BSP_ExtensionPort_UARTRxIsr
 .text.BSP_ExtensionPort_UARTTxIsr
                0x00014420       0x5c ./../Platform/BSP/debug/libBSP_efm32_debug.a(BSP_ExtensionPort.o)
                0x00014420                BSP_ExtensionPort_UARTTxIsr
 .text.NVIC_EnableIRQ
                0x0001447c       0x38 ./../Platform/BSP/debug/libBSP_efm32_debug.a(BSP_WiFi_cc3100mod.o)
 .text.NVIC_DisableIRQ
                0x000144b4       0x3c ./../Platform/BSP/debug/libBSP_efm32_debug.a(BSP_WiFi_cc3100mod.o)
 .text.NVIC_ClearPendingIRQ
                0x000144f0       0x3c ./../Platform/BSP/debug/libBSP_efm32_debug.a(BSP_WiFi_cc3100mod.o)
 .text.NVIC_SetPriority
                0x0001452c       0x5c ./../Platform/BSP/debug/libBSP_efm32_debug.a(BSP_WiFi_cc3100mod.o)
 .text.GPIO_IntClear
                0x00014588       0x20 ./../Platform/BSP/debug/libBSP_efm32_debug.a(BSP_WiFi_cc3100mod.o)
 .text.GPIO_IntDisable
                0x000145a8       0x34 ./../Platform/BSP/debug/libBSP_efm32_debug.a(BSP_WiFi_cc3100mod.o)
 .text.GPIO_IntEnable
                0x000145dc       0x30 ./../Platform/BSP/debug/libBSP_efm32_debug.a(BSP_WiFi_cc3100mod.o)
 .text.GPIO_PinOutClear
                0x0001460c       0x4c ./../Platform/BSP/debug/libBSP_efm32_debug.a(BSP_WiFi_cc3100mod.o)
 .text.GPIO_PinOutSet
                0x00014658       0x4c ./../Platform/BSP/debug/libBSP_efm32_debug.a(BSP_WiFi_cc3100mod.o)
 .text.Board_GPIOInterruptUnregisterCallback
                0x000146a4       0x20 ./../Platform/BSP/debug/libBSP_efm32_debug.a(BSP_WiFi_cc3100mod.o)
 .text.BSP_WiFi_CC3100MOD_Connect
                0x000146c4      0x1e8 ./../Platform/BSP/debug/libBSP_efm32_debug.a(BSP_WiFi_cc3100mod.o)
                0x000146c4                BSP_WiFi_CC3100MOD_Connect
 .text.BSP_WiFi_CC3100MOD_Enable
                0x000148ac      0x1a4 ./../Platform/BSP/debug/libBSP_efm32_debug.a(BSP_WiFi_cc3100mod.o)
                0x000148ac                BSP_WiFi_CC3100MOD_Enable
 .text.BSP_WiFi_CC3100MOD_Disable
                0x00014a50       0xb0 ./../Platform/BSP/debug/libBSP_efm32_debug.a(BSP_WiFi_cc3100mod.o)
                0x00014a50                BSP_WiFi_CC3100MOD_Disable
 .text.BSP_WiFi_CC3100MOD_GetSPIHandle
                0x00014b00       0x14 ./../Platform/BSP/debug/libBSP_efm32_debug.a(BSP_WiFi_cc3100mod.o)
                0x00014b00                BSP_WiFi_CC3100MOD_GetSPIHandle
 .text.BSP_WiFi_CC3100MOD_SetCSLow
                0x00014b14       0x18 ./../Platform/BSP/debug/libBSP_efm32_debug.a(BSP_WiFi_cc3100mod.o)
                0x00014b14                BSP_WiFi_CC3100MOD_SetCSLow
 .text.BSP_WiFi_CC3100MOD_SetCSHigh
                0x00014b2c       0x18 ./../Platform/BSP/debug/libBSP_efm32_debug.a(BSP_WiFi_cc3100mod.o)
                0x00014b2c                BSP_WiFi_CC3100MOD_SetCSHigh
 .text.WiFi_CC3100MOD_SPIRxISR
                0x00014b44       0x28 ./../Platform/BSP/debug/libBSP_efm32_debug.a(BSP_WiFi_cc3100mod.o)
                0x00014b44                WiFi_CC3100MOD_SPIRxISR
 .text.WiFi_CC3100MOD_SPITxISR
                0x00014b6c       0x28 ./../Platform/BSP/debug/libBSP_efm32_debug.a(BSP_WiFi_cc3100mod.o)
                0x00014b6c                WiFi_CC3100MOD_SPITxISR
 .text.WiFi_CC3100MOD_SPI_RxDMAComplete
                0x00014b94       0x38 ./../Platform/BSP/debug/libBSP_efm32_debug.a(BSP_WiFi_cc3100mod.o)
                0x00014b94                WiFi_CC3100MOD_SPI_RxDMAComplete
 .text.WiFi_CC3100MOD_SPI_TxDMAComplete
                0x00014bcc       0x38 ./../Platform/BSP/debug/libBSP_efm32_debug.a(BSP_WiFi_cc3100mod.o)
                0x00014bcc                WiFi_CC3100MOD_SPI_TxDMAComplete
 .text.WiFi_INT_InterruptCallback
                0x00014c04       0x14 ./../Platform/BSP/debug/libBSP_efm32_debug.a(BSP_WiFi_cc3100mod.o)
 .text.BT_EM9301_UART_TxISR
                0x00014c18       0x28 ./../Platform/BSP/debug/libBSP_efm32_debug.a(BSP_BT_EM9301.o)
                0x00014c18                BT_EM9301_UART_TxISR
 .text.BT_EM9301_UART_RxISR
                0x00014c40       0x28 ./../Platform/BSP/debug/libBSP_efm32_debug.a(BSP_BT_EM9301.o)
                0x00014c40                BT_EM9301_UART_RxISR
 .text.SensorNode_I2CISR
                0x00014c68       0x28 ./../Platform/BSP/debug/libBSP_efm32_debug.a(BSP_SensorNode.o)
                0x00014c68                SensorNode_I2CISR
 .text.SDCard_SPIRxISR
                0x00014c90       0x28 ./../Platform/BSP/debug/libBSP_efm32_debug.a(BSP_SDCard.o)
                0x00014c90                SDCard_SPIRxISR
 .text.SDCard_SPITxISR
                0x00014cb8       0x28 ./../Platform/BSP/debug/libBSP_efm32_debug.a(BSP_SDCard.o)
                0x00014cb8                SDCard_SPITxISR
 .text.xQueueGenericReset
                0x00014ce0       0xc8 ./../Libraries/FreeRTOS/debug/libFreeRTOS_efm32_debug.a(queue.o)
                0x00014ce0                xQueueGenericReset
 .text.xQueueGenericCreate
                0x00014da8       0xb8 ./../Libraries/FreeRTOS/debug/libFreeRTOS_efm32_debug.a(queue.o)
                0x00014da8                xQueueGenericCreate
 .text.xQueueCreateMutex
                0x00014e60       0xb8 ./../Libraries/FreeRTOS/debug/libFreeRTOS_efm32_debug.a(queue.o)
                0x00014e60                xQueueCreateMutex
 .text.xQueueGenericSend
                0x00014f18      0x1c8 ./../Libraries/FreeRTOS/debug/libFreeRTOS_efm32_debug.a(queue.o)
                0x00014f18                xQueueGenericSend
 .text.xQueueGenericSendFromISR
                0x000150e0      0x110 ./../Libraries/FreeRTOS/debug/libFreeRTOS_efm32_debug.a(queue.o)
                0x000150e0                xQueueGenericSendFromISR
 .text.xQueueGiveFromISR
                0x000151f0      0x108 ./../Libraries/FreeRTOS/debug/libFreeRTOS_efm32_debug.a(queue.o)
                0x000151f0                xQueueGiveFromISR
 .text.xQueueGenericReceive
                0x000152f8      0x1e0 ./../Libraries/FreeRTOS/debug/libFreeRTOS_efm32_debug.a(queue.o)
                0x000152f8                xQueueGenericReceive
 .text.vQueueDelete
                0x000154d8       0x38 ./../Libraries/FreeRTOS/debug/libFreeRTOS_efm32_debug.a(queue.o)
                0x000154d8                vQueueDelete
 .text.prvCopyDataToQueue
                0x00015510       0xe8 ./../Libraries/FreeRTOS/debug/libFreeRTOS_efm32_debug.a(queue.o)
 .text.prvCopyDataFromQueue
                0x000155f8       0x50 ./../Libraries/FreeRTOS/debug/libFreeRTOS_efm32_debug.a(queue.o)
 .text.prvUnlockQueue
                0x00015648       0xc0 ./../Libraries/FreeRTOS/debug/libFreeRTOS_efm32_debug.a(queue.o)
 .text.prvIsQueueEmpty
                0x00015708       0x34 ./../Libraries/FreeRTOS/debug/libFreeRTOS_efm32_debug.a(queue.o)
 .text.prvIsQueueFull
                0x0001573c       0x38 ./../Libraries/FreeRTOS/debug/libFreeRTOS_efm32_debug.a(queue.o)
 .text.vQueueAddToRegistry
                0x00015774       0x64 ./../Libraries/FreeRTOS/debug/libFreeRTOS_efm32_debug.a(queue.o)
                0x00015774                vQueueAddToRegistry
 .text.vQueueUnregisterQueue
                0x000157d8       0x54 ./../Libraries/FreeRTOS/debug/libFreeRTOS_efm32_debug.a(queue.o)
                0x000157d8                vQueueUnregisterQueue
 .text.vQueueWaitForMessageRestricted
                0x0001582c       0x64 ./../Libraries/FreeRTOS/debug/libFreeRTOS_efm32_debug.a(queue.o)
                0x0001582c                vQueueWaitForMessageRestricted
 .text.prvNotifyQueueSetContainer
                0x00015890       0xa8 ./../Libraries/FreeRTOS/debug/libFreeRTOS_efm32_debug.a(queue.o)
 .text.xTaskGenericCreate
                0x00015938      0x1d0 ./../Libraries/FreeRTOS/debug/libFreeRTOS_efm32_debug.a(tasks.o)
                0x00015938                xTaskGenericCreate
 .text.vTaskDelete
                0x00015b08      0x12c ./../Libraries/FreeRTOS/debug/libFreeRTOS_efm32_debug.a(tasks.o)
                0x00015b08                vTaskDelete
 .text.vTaskDelay
                0x00015c34       0xac ./../Libraries/FreeRTOS/debug/libFreeRTOS_efm32_debug.a(tasks.o)
                0x00015c34                vTaskDelay
 .text.vTaskStartScheduler
                0x00015ce0       0xa0 ./../Libraries/FreeRTOS/debug/libFreeRTOS_efm32_debug.a(tasks.o)
                0x00015ce0                vTaskStartScheduler
 .text.vTaskSuspendAll
                0x00015d80       0x24 ./../Libraries/FreeRTOS/debug/libFreeRTOS_efm32_debug.a(tasks.o)
                0x00015d80                vTaskSuspendAll
 .text.xTaskResumeAll
                0x00015da4      0x180 ./../Libraries/FreeRTOS/debug/libFreeRTOS_efm32_debug.a(tasks.o)
                0x00015da4                xTaskResumeAll
 .text.xTaskGetTickCount
                0x00015f24       0x20 ./../Libraries/FreeRTOS/debug/libFreeRTOS_efm32_debug.a(tasks.o)
                0x00015f24                xTaskGetTickCount
 .text.xTaskIncrementTick
                0x00015f44      0x20c ./../Libraries/FreeRTOS/debug/libFreeRTOS_efm32_debug.a(tasks.o)
                0x00015f44                xTaskIncrementTick
 .text.vTaskSwitchContext
                0x00016150      0x150 ./../Libraries/FreeRTOS/debug/libFreeRTOS_efm32_debug.a(tasks.o)
                0x00016150                vTaskSwitchContext
 .text.vTaskPlaceOnEventList
                0x000162a0       0xc4 ./../Libraries/FreeRTOS/debug/libFreeRTOS_efm32_debug.a(tasks.o)
                0x000162a0                vTaskPlaceOnEventList
 .text.vTaskPlaceOnEventListRestricted
                0x00016364       0xc4 ./../Libraries/FreeRTOS/debug/libFreeRTOS_efm32_debug.a(tasks.o)
                0x00016364                vTaskPlaceOnEventListRestricted
 .text.xTaskRemoveFromEventList
                0x00016428       0xe8 ./../Libraries/FreeRTOS/debug/libFreeRTOS_efm32_debug.a(tasks.o)
                0x00016428                xTaskRemoveFromEventList
 .text.vTaskSetTimeOutState
                0x00016510       0x44 ./../Libraries/FreeRTOS/debug/libFreeRTOS_efm32_debug.a(tasks.o)
                0x00016510                vTaskSetTimeOutState
 .text.xTaskCheckForTimeOut
                0x00016554       0xc4 ./../Libraries/FreeRTOS/debug/libFreeRTOS_efm32_debug.a(tasks.o)
                0x00016554                xTaskCheckForTimeOut
 .text.vTaskMissedYield
                0x00016618       0x18 ./../Libraries/FreeRTOS/debug/libFreeRTOS_efm32_debug.a(tasks.o)
                0x00016618                vTaskMissedYield
 .text.prvIdleTask
                0x00016630       0x10 ./../Libraries/FreeRTOS/debug/libFreeRTOS_efm32_debug.a(tasks.o)
 .text.prvInitialiseTCBVariables
                0x00016640       0xbc ./../Libraries/FreeRTOS/debug/libFreeRTOS_efm32_debug.a(tasks.o)
 .text.prvInitialiseTaskLists
                0x000166fc       0xa4 ./../Libraries/FreeRTOS/debug/libFreeRTOS_efm32_debug.a(tasks.o)
 .text.prvCheckTasksWaitingTermination
                0x000167a0       0x9c ./../Libraries/FreeRTOS/debug/libFreeRTOS_efm32_debug.a(tasks.o)
 .text.prvAddCurrentTaskToDelayedList
                0x0001683c       0x8c ./../Libraries/FreeRTOS/debug/libFreeRTOS_efm32_debug.a(tasks.o)
 .text.prvAllocateTCBAndStack
                0x000168c8       0x7c ./../Libraries/FreeRTOS/debug/libFreeRTOS_efm32_debug.a(tasks.o)
 .text.prvDeleteTCB
                0x00016944       0x20 ./../Libraries/FreeRTOS/debug/libFreeRTOS_efm32_debug.a(tasks.o)
 .text.prvResetNextTaskUnblockTime
                0x00016964       0x5c ./../Libraries/FreeRTOS/debug/libFreeRTOS_efm32_debug.a(tasks.o)
 .text.xTaskGetSchedulerState
                0x000169c0       0x48 ./../Libraries/FreeRTOS/debug/libFreeRTOS_efm32_debug.a(tasks.o)
                0x000169c0                xTaskGetSchedulerState
 .text.vTaskPriorityInherit
                0x00016a08      0x144 ./../Libraries/FreeRTOS/debug/libFreeRTOS_efm32_debug.a(tasks.o)
                0x00016a08                vTaskPriorityInherit
 .text.xTaskPriorityDisinherit
                0x00016b4c      0x13c ./../Libraries/FreeRTOS/debug/libFreeRTOS_efm32_debug.a(tasks.o)
                0x00016b4c                xTaskPriorityDisinherit
 .text.pvTaskIncrementMutexHeldCount
                0x00016c88       0x38 ./../Libraries/FreeRTOS/debug/libFreeRTOS_efm32_debug.a(tasks.o)
                0x00016c88                pvTaskIncrementMutexHeldCount
 .text.xTimerCreateTimerTask
                0x00016cc0       0x78 ./../Libraries/FreeRTOS/debug/libFreeRTOS_efm32_debug.a(timers.o)
                0x00016cc0                xTimerCreateTimerTask
 .text.xTimerCreate
                0x00016d38       0x7c ./../Libraries/FreeRTOS/debug/libFreeRTOS_efm32_debug.a(timers.o)
                0x00016d38                xTimerCreate
 .text.xTimerGenericCommand
                0x00016db4       0xac ./../Libraries/FreeRTOS/debug/libFreeRTOS_efm32_debug.a(timers.o)
                0x00016db4                xTimerGenericCommand
 .text.prvProcessExpiredTimer
                0x00016e60       0x88 ./../Libraries/FreeRTOS/debug/libFreeRTOS_efm32_debug.a(timers.o)
 .text.prvTimerTask
                0x00016ee8       0x24 ./../Libraries/FreeRTOS/debug/libFreeRTOS_efm32_debug.a(timers.o)
 .text.prvProcessTimerOrBlockTask
                0x00016f0c       0x78 ./../Libraries/FreeRTOS/debug/libFreeRTOS_efm32_debug.a(timers.o)
 .text.prvGetNextExpireTime
                0x00016f84       0x54 ./../Libraries/FreeRTOS/debug/libFreeRTOS_efm32_debug.a(timers.o)
 .text.prvSampleTimeNow
                0x00016fd8       0x4c ./../Libraries/FreeRTOS/debug/libFreeRTOS_efm32_debug.a(timers.o)
 .text.prvInsertTimerInActiveList
                0x00017024       0x94 ./../Libraries/FreeRTOS/debug/libFreeRTOS_efm32_debug.a(timers.o)
 .text.prvProcessReceivedCommands
                0x000170b8      0x174 ./../Libraries/FreeRTOS/debug/libFreeRTOS_efm32_debug.a(timers.o)
 .text.prvSwitchTimerLists
                0x0001722c       0xf0 ./../Libraries/FreeRTOS/debug/libFreeRTOS_efm32_debug.a(timers.o)
 .text.prvCheckForValidListAndQueue
                0x0001731c       0xb8 ./../Libraries/FreeRTOS/debug/libFreeRTOS_efm32_debug.a(timers.o)
 .text.pvTimerGetTimerID
                0x000173d4       0x3c ./../Libraries/FreeRTOS/debug/libFreeRTOS_efm32_debug.a(timers.o)
                0x000173d4                pvTimerGetTimerID
 .text.xTimerPendFunctionCallFromISR
                0x00017410       0x4c ./../Libraries/FreeRTOS/debug/libFreeRTOS_efm32_debug.a(timers.o)
                0x00017410                xTimerPendFunctionCallFromISR
 .text.pvPortMalloc
                0x0001745c      0x1e0 ./../Libraries/FreeRTOS/debug/libFreeRTOS_efm32_debug.a(heap_4.o)
                0x0001745c                pvPortMalloc
 .text.vPortFree
                0x0001763c       0xcc ./../Libraries/FreeRTOS/debug/libFreeRTOS_efm32_debug.a(heap_4.o)
                0x0001763c                vPortFree
 .text.prvHeapInit
                0x00017708       0xfc ./../Libraries/FreeRTOS/debug/libFreeRTOS_efm32_debug.a(heap_4.o)
 .text.prvInsertBlockIntoFreeList
                0x00017804       0xbc ./../Libraries/FreeRTOS/debug/libFreeRTOS_efm32_debug.a(heap_4.o)
 .text.pxPortInitialiseStack
                0x000178c0       0x64 ./../Libraries/FreeRTOS/debug/libFreeRTOS_efm32_debug.a(port.o)
                0x000178c0                pxPortInitialiseStack
 .text.prvTaskExitError
                0x00017924       0x2c ./../Libraries/FreeRTOS/debug/libFreeRTOS_efm32_debug.a(port.o)
 .text.SVC_Handler
                0x00017950       0x24 ./../Libraries/FreeRTOS/debug/libFreeRTOS_efm32_debug.a(port.o)
                0x00017950                SVC_Handler
 .text.prvPortStartFirstTask
                0x00017974       0x20 ./../Libraries/FreeRTOS/debug/libFreeRTOS_efm32_debug.a(port.o)
 .text.xPortStartScheduler
                0x00017994      0x10c ./../Libraries/FreeRTOS/debug/libFreeRTOS_efm32_debug.a(port.o)
                0x00017994                xPortStartScheduler
 .text.vPortYield
                0x00017aa0       0x20 ./../Libraries/FreeRTOS/debug/libFreeRTOS_efm32_debug.a(port.o)
                0x00017aa0                vPortYield
 .text.vPortEnterCritical
                0x00017ac0       0x58 ./../Libraries/FreeRTOS/debug/libFreeRTOS_efm32_debug.a(port.o)
                0x00017ac0                vPortEnterCritical
 .text.vPortExitCritical
                0x00017b18       0x54 ./../Libraries/FreeRTOS/debug/libFreeRTOS_efm32_debug.a(port.o)
                0x00017b18                vPortExitCritical
 .text.ulPortSetInterruptMask
                0x00017b6c       0x14 ./../Libraries/FreeRTOS/debug/libFreeRTOS_efm32_debug.a(port.o)
                0x00017b6c                ulPortSetInterruptMask
 .text.vPortClearInterruptMask
                0x00017b80        0x8 ./../Libraries/FreeRTOS/debug/libFreeRTOS_efm32_debug.a(port.o)
                0x00017b80                vPortClearInterruptMask
 .text.PendSV_Handler
                0x00017b88       0x44 ./../Libraries/FreeRTOS/debug/libFreeRTOS_efm32_debug.a(port.o)
                0x00017b88                PendSV_Handler
 .text.xPortSysTickHandler
                0x00017bcc       0x2c ./../Libraries/FreeRTOS/debug/libFreeRTOS_efm32_debug.a(port.o)
                0x00017bcc                xPortSysTickHandler
 .text.vPortSetupTimerInterrupt
                0x00017bf8       0x28 ./../Libraries/FreeRTOS/debug/libFreeRTOS_efm32_debug.a(port.o)
                0x00017bf8                vPortSetupTimerInterrupt
 .text.vPortValidateInterruptPriority
                0x00017c20       0x78 ./../Libraries/FreeRTOS/debug/libFreeRTOS_efm32_debug.a(port.o)
                0x00017c20                vPortValidateInterruptPriority
 .text.vListInitialise
                0x00017c98       0x40 ./../Libraries/FreeRTOS/debug/libFreeRTOS_efm32_debug.a(list.o)
                0x00017c98                vListInitialise
 .text.vListInitialiseItem
                0x00017cd8       0x1c ./../Libraries/FreeRTOS/debug/libFreeRTOS_efm32_debug.a(list.o)
                0x00017cd8                vListInitialiseItem
 .text.vListInsertEnd
                0x00017cf4       0x48 ./../Libraries/FreeRTOS/debug/libFreeRTOS_efm32_debug.a(list.o)
                0x00017cf4                vListInsertEnd
 .text.vListInsert
                0x00017d3c       0x74 ./../Libraries/FreeRTOS/debug/libFreeRTOS_efm32_debug.a(list.o)
                0x00017d3c                vListInsert
 .text.uxListRemove
                0x00017db0       0x58 ./../Libraries/FreeRTOS/debug/libFreeRTOS_efm32_debug.a(list.o)
                0x00017db0                uxListRemove
 .text.ADC_Init
                0x00017e08       0x68 ./../Libraries/EMlib/debug/libEMLib_efm32_debug.a(em_adc.o)
                0x00017e08                ADC_Init
 .text.ADC_PrescaleCalc
                0x00017e70       0x78 ./../Libraries/EMlib/debug/libEMLib_efm32_debug.a(em_adc.o)
                0x00017e70                ADC_PrescaleCalc
 .text.ADC_TimebaseCalc
                0x00017ee8       0x74 ./../Libraries/EMlib/debug/libEMLib_efm32_debug.a(em_adc.o)
                0x00017ee8                ADC_TimebaseCalc
 .text.BITBAND_Peripheral
                0x00017f5c       0x30 ./../Libraries/EMlib/debug/libEMLib_efm32_debug.a(em_cmu.o)
 .text.CMU_MaxFreqHfle
                0x00017f8c       0xb8 ./../Libraries/EMlib/debug/libEMLib_efm32_debug.a(em_cmu.o)
 .text.CMU_FlashWaitStateMax
                0x00018044       0x68 ./../Libraries/EMlib/debug/libEMLib_efm32_debug.a(em_cmu.o)
 .text.CMU_DivToLog2
                0x000180ac       0x38 ./../Libraries/EMlib/debug/libEMLib_efm32_debug.a(em_cmu.o)
 .text.CMU_FlashWaitStateControl
                0x000180e4       0xf4 ./../Libraries/EMlib/debug/libEMLib_efm32_debug.a(em_cmu.o)
 .text.CMU_USBCClkGet
                0x000181d8       0x50 ./../Libraries/EMlib/debug/libEMLib_efm32_debug.a(em_cmu.o)
 .text.CMU_AUXClkGet
                0x00018228       0x9c ./../Libraries/EMlib/debug/libEMLib_efm32_debug.a(em_cmu.o)
 .text.CMU_DBGClkGet
                0x000182c4       0x64 ./../Libraries/EMlib/debug/libEMLib_efm32_debug.a(em_cmu.o)
 .text.CMU_LFClkGet
                0x00018328       0xd4 ./../Libraries/EMlib/debug/libEMLib_efm32_debug.a(em_cmu.o)
 .text.CMU_Sync
                0x000183fc       0x3c ./../Libraries/EMlib/debug/libEMLib_efm32_debug.a(em_cmu.o)
 .text.CMU_ClockDivSet
                0x00018438      0x298 ./../Libraries/EMlib/debug/libEMLib_efm32_debug.a(em_cmu.o)
                0x00018438                CMU_ClockDivSet
 .text.CMU_ClockEnable
                0x000186d0      0x10c ./../Libraries/EMlib/debug/libEMLib_efm32_debug.a(em_cmu.o)
                0x000186d0                CMU_ClockEnable
 .text.CMU_ClockFreqGet
                0x000187dc      0x1e8 ./../Libraries/EMlib/debug/libEMLib_efm32_debug.a(em_cmu.o)
                0x000187dc                CMU_ClockFreqGet
 .text.CMU_ClockSelectGet
                0x000189c4      0x1a4 ./../Libraries/EMlib/debug/libEMLib_efm32_debug.a(em_cmu.o)
                0x000189c4                CMU_ClockSelectGet
 .text.CMU_ClockSelectSet
                0x00018b68      0x38c ./../Libraries/EMlib/debug/libEMLib_efm32_debug.a(em_cmu.o)
                0x00018b68                CMU_ClockSelectSet
 .text.CMU_OscillatorEnable
                0x00018ef4       0xe8 ./../Libraries/EMlib/debug/libEMLib_efm32_debug.a(em_cmu.o)
                0x00018ef4                CMU_OscillatorEnable
 .text.MSC_Init
                0x00018fdc      0x108 ./../Libraries/EMlib/debug/libEMLib_efm32_debug.a(em_msc.o)
                0x00018fdc                MSC_Init
 .text.MSC_Deinit
                0x000190e4       0x30 ./../Libraries/EMlib/debug/libEMLib_efm32_debug.a(em_msc.o)
                0x000190e4                MSC_Deinit
 .text.NVIC_DisableIRQ
                0x00019114       0x3c ./../Libraries/EMlib/debug/libEMLib_efm32_debug.a(em_dma.o)
 .text.BITBAND_Peripheral
                0x00019150       0x30 ./../Libraries/EMlib/debug/libEMLib_efm32_debug.a(em_dma.o)
 .text.DMA_Prepare
                0x00019180      0x138 ./../Libraries/EMlib/debug/libEMLib_efm32_debug.a(em_dma.o)
 .text.DMA_IRQHandler
                0x000192b8      0x110 ./../Libraries/EMlib/debug/libEMLib_efm32_debug.a(em_dma.o)
                0x000192b8                DMA_IRQHandler
 .text.DMA_ActivateBasic
                0x000193c8       0x48 ./../Libraries/EMlib/debug/libEMLib_efm32_debug.a(em_dma.o)
                0x000193c8                DMA_ActivateBasic
 .text.DMA_CfgChannel
                0x00019410       0xc0 ./../Libraries/EMlib/debug/libEMLib_efm32_debug.a(em_dma.o)
                0x00019410                DMA_CfgChannel
 .text.DMA_CfgDescr
                0x000194d0       0x84 ./../Libraries/EMlib/debug/libEMLib_efm32_debug.a(em_dma.o)
                0x000194d0                DMA_CfgDescr
 .text.DMA_Reset
                0x00019554       0xd4 ./../Libraries/EMlib/debug/libEMLib_efm32_debug.a(em_dma.o)
                0x00019554                DMA_Reset
 .text.EMU_UpdateOscConfig
                0x00019628       0x20 ./../Libraries/EMlib/debug/libEMLib_efm32_debug.a(em_emu.o)
                0x00019628                EMU_UpdateOscConfig
 .text.BITBAND_Peripheral
                0x00019648       0x30 ./../Libraries/EMlib/debug/libEMLib_efm32_debug.a(em_gpio.o)
 .text.GPIO_DriveModeSet
                0x00019678       0x60 ./../Libraries/EMlib/debug/libEMLib_efm32_debug.a(em_gpio.o)
                0x00019678                GPIO_DriveModeSet
 .text.GPIO_IntConfig
                0x000196d8       0xf4 ./../Libraries/EMlib/debug/libEMLib_efm32_debug.a(em_gpio.o)
                0x000196d8                GPIO_IntConfig
 .text.GPIO_PinModeSet
                0x000197cc      0x1b8 ./../Libraries/EMlib/debug/libEMLib_efm32_debug.a(em_gpio.o)
                0x000197cc                GPIO_PinModeSet
 .text.BITBAND_Peripheral
                0x00019984       0x30 ./../Libraries/EMlib/debug/libEMLib_efm32_debug.a(em_i2c.o)
 .text.I2C_BusFreqSet
                0x000199b4       0x94 ./../Libraries/EMlib/debug/libEMLib_efm32_debug.a(em_i2c.o)
                0x000199b4                I2C_BusFreqSet
 .text.I2C_Init
                0x00019a48       0x84 ./../Libraries/EMlib/debug/libEMLib_efm32_debug.a(em_i2c.o)
                0x00019a48                I2C_Init
 .text.USART_BaudrateAsyncSet
                0x00019acc       0xd0 ./../Libraries/EMlib/debug/libEMLib_efm32_debug.a(em_usart.o)
                0x00019acc                USART_BaudrateAsyncSet
 .text.USART_BaudrateSyncSet
                0x00019b9c       0x7c ./../Libraries/EMlib/debug/libEMLib_efm32_debug.a(em_usart.o)
                0x00019b9c                USART_BaudrateSyncSet
 .text.USART_InitAsync
                0x00019c18       0xbc ./../Libraries/EMlib/debug/libEMLib_efm32_debug.a(em_usart.o)
                0x00019c18                USART_InitAsync
 .text.USART_Reset
                0x00019cd4       0xd8 ./../Libraries/EMlib/debug/libEMLib_efm32_debug.a(em_usart.o)
                0x00019cd4                USART_Reset
 .text.SYSTEM_ChipRevisionGet
                0x00019dac       0x94 ./../Libraries/EMlib/debug/libEMLib_efm32_debug.a(em_system.o)
                0x00019dac                SYSTEM_ChipRevisionGet
 .text.NVIC_EnableIRQ
                0x00019e40       0x38 ./../Libraries/EMlib/debug/libEMLib_efm32_debug.a(em_usbd.o)
 .text.NVIC_ClearPendingIRQ
                0x00019e78       0x3c ./../Libraries/EMlib/debug/libEMLib_efm32_debug.a(em_usbd.o)
 .text.INT_Disable
                0x00019eb4       0x40 ./../Libraries/EMlib/debug/libEMLib_efm32_debug.a(em_usbd.o)
 .text.INT_Enable
                0x00019ef4       0x54 ./../Libraries/EMlib/debug/libEMLib_efm32_debug.a(em_usbd.o)
 .text.USBHAL_DisableGlobalInt
                0x00019f48       0x34 ./../Libraries/EMlib/debug/libEMLib_efm32_debug.a(em_usbd.o)
 .text.USBHAL_EnableGlobalInt
                0x00019f7c       0x34 ./../Libraries/EMlib/debug/libEMLib_efm32_debug.a(em_usbd.o)
 .text.USBDHAL_EnableUsbResetAndSuspendInt
                0x00019fb0       0x38 ./../Libraries/EMlib/debug/libEMLib_efm32_debug.a(em_usbd.o)
 .text.USBDHAL_EpIsStalled
                0x00019fe8       0x3c ./../Libraries/EMlib/debug/libEMLib_efm32_debug.a(em_usbd.o)
 .text.USBDHAL_GetStallStatusEp
                0x0001a024       0xc0 ./../Libraries/EMlib/debug/libEMLib_efm32_debug.a(em_usbd.o)
 .text.USBDHAL_SetEp0InDmaPtr
                0x0001a0e4       0x28 ./../Libraries/EMlib/debug/libEMLib_efm32_debug.a(em_usbd.o)
 .text.USBDHAL_SetEp0OutDmaPtr
                0x0001a10c       0x28 ./../Libraries/EMlib/debug/libEMLib_efm32_debug.a(em_usbd.o)
 .text.USBDHAL_StartEp0In
                0x0001a134       0x5c ./../Libraries/EMlib/debug/libEMLib_efm32_debug.a(em_usbd.o)
 .text.USBDHAL_StartEp0Out
                0x0001a190       0x5c ./../Libraries/EMlib/debug/libEMLib_efm32_debug.a(em_usbd.o)
 .text.USBDHAL_StartEpIn
                0x0001a1ec       0xc8 ./../Libraries/EMlib/debug/libEMLib_efm32_debug.a(em_usbd.o)
 .text.USBDHAL_StartEpOut
                0x0001a2b4       0xd4 ./../Libraries/EMlib/debug/libEMLib_efm32_debug.a(em_usbd.o)
 .text.USBD_ArmEp
                0x0001a388       0x28 ./../Libraries/EMlib/debug/libEMLib_efm32_debug.a(em_usbd.o)
 .text.USBD_ArmEp0
                0x0001a3b0       0x88 ./../Libraries/EMlib/debug/libEMLib_efm32_debug.a(em_usbd.o)
 .text.USBD_ArmEpN
                0x0001a438       0x28 ./../Libraries/EMlib/debug/libEMLib_efm32_debug.a(em_usbd.o)
 .text.USBD_GetEpFromAddr
                0x0001a460       0xa0 ./../Libraries/EMlib/debug/libEMLib_efm32_debug.a(em_usbd.o)
 .text.USBD_Disconnect
                0x0001a500       0x14 ./../Libraries/EMlib/debug/libEMLib_efm32_debug.a(em_usbd.o)
                0x0001a500                USBD_Disconnect
 .text.USBD_GetUsbState
                0x0001a514       0x1c ./../Libraries/EMlib/debug/libEMLib_efm32_debug.a(em_usbd.o)
                0x0001a514                USBD_GetUsbState
 .text.USBD_Init
                0x0001a530      0x4fc ./../Libraries/EMlib/debug/libEMLib_efm32_debug.a(em_usbd.o)
                0x0001a530                USBD_Init
 .text.USBD_Read
                0x0001aa2c      0x108 ./../Libraries/EMlib/debug/libEMLib_efm32_debug.a(em_usbd.o)
                0x0001aa2c                USBD_Read
 .text.USBD_SetUsbState
                0x0001ab34       0x98 ./../Libraries/EMlib/debug/libEMLib_efm32_debug.a(em_usbd.o)
                0x0001ab34                USBD_SetUsbState
 .text.USBD_Write
                0x0001abcc      0x10c ./../Libraries/EMlib/debug/libEMLib_efm32_debug.a(em_usbd.o)
                0x0001abcc                USBD_Write
 .text.NVIC_ClearPendingIRQ
                0x0001acd8       0x3c ./../Libraries/EMlib/debug/libEMLib_efm32_debug.a(em_usbhal.o)
 .text.INT_Disable
                0x0001ad14       0x40 ./../Libraries/EMlib/debug/libEMLib_efm32_debug.a(em_usbhal.o)
 .text.INT_Enable
                0x0001ad54       0x54 ./../Libraries/EMlib/debug/libEMLib_efm32_debug.a(em_usbhal.o)
 .text.USBHAL_FlushRxFifo
                0x0001ada8       0x3c ./../Libraries/EMlib/debug/libEMLib_efm32_debug.a(em_usbhal.o)
 .text.USBHAL_FlushTxFifo
                0x0001ade4       0x4c ./../Libraries/EMlib/debug/libEMLib_efm32_debug.a(em_usbhal.o)
 .text.USBDHAL_DeactivateEp
                0x0001ae30       0x88 ./../Libraries/EMlib/debug/libEMLib_efm32_debug.a(em_usbhal.o)
 .text.USBDHAL_GetInEpInts
                0x0001aeb8       0x44 ./../Libraries/EMlib/debug/libEMLib_efm32_debug.a(em_usbhal.o)
 .text.USBDHAL_GetOutEpInts
                0x0001aefc       0x44 ./../Libraries/EMlib/debug/libEMLib_efm32_debug.a(em_usbhal.o)
 .text.USBDHAL_SetEPDISNAK
                0x0001af40       0xac ./../Libraries/EMlib/debug/libEMLib_efm32_debug.a(em_usbhal.o)
 .text.USBD_GetEpFromAddr
                0x0001afec       0xa0 ./../Libraries/EMlib/debug/libEMLib_efm32_debug.a(em_usbhal.o)
 .text.USBHAL_CoreReset
                0x0001b08c       0xbc ./../Libraries/EMlib/debug/libEMLib_efm32_debug.a(em_usbhal.o)
                0x0001b08c                USBHAL_CoreReset
 .text.USBDHAL_CoreInit
                0x0001b148      0x3ec ./../Libraries/EMlib/debug/libEMLib_efm32_debug.a(em_usbhal.o)
                0x0001b148                USBDHAL_CoreInit
 .text.USBDHAL_Disconnect
                0x0001b534       0x3c ./../Libraries/EMlib/debug/libEMLib_efm32_debug.a(em_usbhal.o)
                0x0001b534                USBDHAL_Disconnect
 .text.USBDHAL_AbortAllEps
                0x0001b570      0x53c ./../Libraries/EMlib/debug/libEMLib_efm32_debug.a(em_usbhal.o)
                0x0001b570                USBDHAL_AbortAllEps
 .text.USBDHAL_AbortAllTransfers
                0x0001baac       0xc8 ./../Libraries/EMlib/debug/libEMLib_efm32_debug.a(em_usbhal.o)
                0x0001baac                USBDHAL_AbortAllTransfers
 .text.USBDHAL_ReenableEp0Setup
                0x0001bb74       0x60 ./../Libraries/EMlib/debug/libEMLib_efm32_debug.a(em_usbdep.o)
 .text.USBDHAL_StallEp
                0x0001bbd4       0xcc ./../Libraries/EMlib/debug/libEMLib_efm32_debug.a(em_usbdep.o)
 .text.USBDHAL_StartEp0In
                0x0001bca0       0x5c ./../Libraries/EMlib/debug/libEMLib_efm32_debug.a(em_usbdep.o)
 .text.USBDHAL_StartEp0Out
                0x0001bcfc       0x5c ./../Libraries/EMlib/debug/libEMLib_efm32_debug.a(em_usbdep.o)
 .text.USBD_GetEpFromAddr
                0x0001bd58       0xa0 ./../Libraries/EMlib/debug/libEMLib_efm32_debug.a(em_usbdep.o)
 .text.USBD_ReArmEp0
                0x0001bdf8       0x64 ./../Libraries/EMlib/debug/libEMLib_efm32_debug.a(em_usbdep.o)
 .text.USBDEP_Ep0Handler
                0x0001be5c      0x300 ./../Libraries/EMlib/debug/libEMLib_efm32_debug.a(em_usbdep.o)
                0x0001be5c                USBDEP_Ep0Handler
 .text.USBDEP_EpHandler
                0x0001c15c       0x60 ./../Libraries/EMlib/debug/libEMLib_efm32_debug.a(em_usbdep.o)
                0x0001c15c                USBDEP_EpHandler
 .text.TIMER_CounterGet
                0x0001c1bc       0x18 ./../Libraries/EMlib/debug/libEMLib_efm32_debug.a(em_usbtimer.o)
 .text.TIMER_TopSet
                0x0001c1d4       0x1c ./../Libraries/EMlib/debug/libEMLib_efm32_debug.a(em_usbtimer.o)
 .text.DelayTicks
                0x0001c1f0       0x4c ./../Libraries/EMlib/debug/libEMLib_efm32_debug.a(em_usbtimer.o)
 .text.USBTIMER_DelayMs
                0x0001c23c       0x84 ./../Libraries/EMlib/debug/libEMLib_efm32_debug.a(em_usbtimer.o)
                0x0001c23c                USBTIMER_DelayMs
 .text.USBTIMER_DelayUs
                0x0001c2c0      0x124 ./../Libraries/EMlib/debug/libEMLib_efm32_debug.a(em_usbtimer.o)
                0x0001c2c0                USBTIMER_DelayUs
 .text.USBTIMER_Init
                0x0001c3e4      0x188 ./../Libraries/EMlib/debug/libEMLib_efm32_debug.a(em_usbtimer.o)
                0x0001c3e4                USBTIMER_Init
 .text.GetProdRev
                0x0001c56c       0x1c ./../Libraries/EMlib/debug/libEMLib_efm32_debug.a(system_efm32gg.o)
 .text.SystemCoreClockGet
                0x0001c588       0x58 ./../Libraries/EMlib/debug/libEMLib_efm32_debug.a(system_efm32gg.o)
                0x0001c588                SystemCoreClockGet
 .text.SystemHFClockGet
                0x0001c5e0      0x110 ./../Libraries/EMlib/debug/libEMLib_efm32_debug.a(system_efm32gg.o)
                0x0001c5e0                SystemHFClockGet
 .text.SystemHFXOClockGet
                0x0001c6f0       0x18 ./../Libraries/EMlib/debug/libEMLib_efm32_debug.a(system_efm32gg.o)
                0x0001c6f0                SystemHFXOClockGet
 .text.SystemInit
                0x0001c708        0xc ./../Libraries/EMlib/debug/libEMLib_efm32_debug.a(system_efm32gg.o)
                0x0001c708                SystemInit
 .text.SystemLFRCOClockGet
                0x0001c714       0x10 ./../Libraries/EMlib/debug/libEMLib_efm32_debug.a(system_efm32gg.o)
                0x0001c714                SystemLFRCOClockGet
 .text.SystemULFRCOClockGet
                0x0001c724       0x10 ./../Libraries/EMlib/debug/libEMLib_efm32_debug.a(system_efm32gg.o)
                0x0001c724                SystemULFRCOClockGet
 .text.SystemLFXOClockGet
                0x0001c734       0x18 ./../Libraries/EMlib/debug/libEMLib_efm32_debug.a(system_efm32gg.o)
                0x0001c734                SystemLFXOClockGet
 .text.TIMER_Init
                0x0001c74c      0x134 ./../Libraries/EMlib/debug/libEMLib_efm32_debug.a(em_timer.o)
                0x0001c74c                TIMER_Init
 .text.TIMER_InitCC
                0x0001c880       0xec ./../Libraries/EMlib/debug/libEMLib_efm32_debug.a(em_timer.o)
                0x0001c880                TIMER_InitCC
 .text.USBDHAL_ActivateEp
                0x0001c96c      0x148 ./../Libraries/EMlib/debug/libEMLib_efm32_debug.a(em_usbdch9.o)
 .text.USBDHAL_DeactivateEp
                0x0001cab4       0x88 ./../Libraries/EMlib/debug/libEMLib_efm32_debug.a(em_usbdch9.o)
 .text.USBDHAL_GetStallStatusEp
                0x0001cb3c       0xc0 ./../Libraries/EMlib/debug/libEMLib_efm32_debug.a(em_usbdch9.o)
 .text.USBDHAL_SetAddr
                0x0001cbfc       0x3c ./../Libraries/EMlib/debug/libEMLib_efm32_debug.a(em_usbdch9.o)
 .text.USBDHAL_StallEp
                0x0001cc38       0xcc ./../Libraries/EMlib/debug/libEMLib_efm32_debug.a(em_usbdch9.o)
 .text.USBDHAL_UnStallEp
                0x0001cd04       0xe4 ./../Libraries/EMlib/debug/libEMLib_efm32_debug.a(em_usbdch9.o)
 .text.USBD_ActivateAllEps
                0x0001cde8       0x54 ./../Libraries/EMlib/debug/libEMLib_efm32_debug.a(em_usbdch9.o)
 .text.USBD_DeactivateAllEps
                0x0001ce3c       0x68 ./../Libraries/EMlib/debug/libEMLib_efm32_debug.a(em_usbdch9.o)
 .text.USBD_GetEpFromAddr
                0x0001cea4       0xa0 ./../Libraries/EMlib/debug/libEMLib_efm32_debug.a(em_usbdch9.o)
 .text.USBDCH9_SetupCmd
                0x0001cf44       0xec ./../Libraries/EMlib/debug/libEMLib_efm32_debug.a(em_usbdch9.o)
                0x0001cf44                USBDCH9_SetupCmd
 .text.ClearFeature
                0x0001d030       0xcc ./../Libraries/EMlib/debug/libEMLib_efm32_debug.a(em_usbdch9.o)
 .text.GetConfiguration
                0x0001d0fc       0xb8 ./../Libraries/EMlib/debug/libEMLib_efm32_debug.a(em_usbdch9.o)
 .text.GetDescriptor
                0x0001d1b4      0x10c ./../Libraries/EMlib/debug/libEMLib_efm32_debug.a(em_usbdch9.o)
 .text.GetInterface
                0x0001d2c0       0x94 ./../Libraries/EMlib/debug/libEMLib_efm32_debug.a(em_usbdch9.o)
 .text.GetStatus
                0x0001d354      0x1b4 ./../Libraries/EMlib/debug/libEMLib_efm32_debug.a(em_usbdch9.o)
 .text.SetAddress
                0x0001d508       0xb4 ./../Libraries/EMlib/debug/libEMLib_efm32_debug.a(em_usbdch9.o)
 .text.SetConfiguration
                0x0001d5bc      0x10c ./../Libraries/EMlib/debug/libEMLib_efm32_debug.a(em_usbdch9.o)
 .text.SetFeature
                0x0001d6c8      0x100 ./../Libraries/EMlib/debug/libEMLib_efm32_debug.a(em_usbdch9.o)
 .text.SetInterface
                0x0001d7c8       0x68 ./../Libraries/EMlib/debug/libEMLib_efm32_debug.a(em_usbdch9.o)
 .text.Retcode_Initialize
                0x0001d830       0x60 ./../Platform/Essentials/release/libEssentials_efm32.a(Retcode.o)
                0x0001d830                Retcode_Initialize
 .text.Retcode_RaiseError
                0x0001d890       0x24 ./../Platform/Essentials/release/libEssentials_efm32.a(Retcode.o)
                0x0001d890                Retcode_RaiseError
 .text.Retcode_RaiseErrorFromIsr
                0x0001d8b4       0x24 ./../Platform/Essentials/release/libEssentials_efm32.a(Retcode.o)
                0x0001d8b4                Retcode_RaiseErrorFromIsr
 .text.Retcode_initialize
                0x0001d8d8       0x1c ./../Platform/Essentials/release/libEssentials_efm32.a(Retcode.o)
                0x0001d8d8                Retcode_initialize
 .text.Retcode_raiseErrorFromIsr
                0x0001d8f4       0x18 ./../Platform/Essentials/release/libEssentials_efm32.a(Retcode.o)
                0x0001d8f4                Retcode_raiseErrorFromIsr
 .text.RTC_IntClear
                0x0001d90c       0x20 ./../Platform/Essentials/release/libEssentials_efm32.a(Timer.o)
 .text.RTC_IntDisable
                0x0001d92c       0x30 ./../Platform/Essentials/release/libEssentials_efm32.a(Timer.o)
 .text.RTC_IntGet
                0x0001d95c       0x18 ./../Platform/Essentials/release/libEssentials_efm32.a(Timer.o)
 .text.TIMER_IntClear
                0x0001d974       0x1c ./../Platform/Essentials/release/libEssentials_efm32.a(Timer.o)
 .text.TIMER_IntDisable
                0x0001d990       0x24 ./../Platform/Essentials/release/libEssentials_efm32.a(Timer.o)
 .text.TIMER_IntGet
                0x0001d9b4       0x18 ./../Platform/Essentials/release/libEssentials_efm32.a(Timer.o)
 .text.LETIMER_IntClear
                0x0001d9cc       0x1c ./../Platform/Essentials/release/libEssentials_efm32.a(Timer.o)
 .text.LETIMER_IntDisable
                0x0001d9e8       0x24 ./../Platform/Essentials/release/libEssentials_efm32.a(Timer.o)
 .text.LETIMER_IntGet
                0x0001da0c       0x18 ./../Platform/Essentials/release/libEssentials_efm32.a(Timer.o)
 .text.MCU_Timer_Initialize
                0x0001da24       0xe4 ./../Platform/Essentials/release/libEssentials_efm32.a(Timer.o)
                0x0001da24                MCU_Timer_Initialize
 .text.MCU_Timer_Callback
                0x0001db08       0x5c ./../Platform/Essentials/release/libEssentials_efm32.a(Timer.o)
                0x0001db08                MCU_Timer_Callback
 .text.ValidateTimerHandle
                0x0001db64       0x40 ./../Platform/Essentials/release/libEssentials_efm32.a(Timer.o)
 .text.getTimerEvent
                0x0001dba4       0xc8 ./../Platform/Essentials/release/libEssentials_efm32.a(Timer.o)
 .text.extractFlags_RTC
                0x0001dc6c       0x9c ./../Platform/Essentials/release/libEssentials_efm32.a(Timer.o)
 .text.extractFlags_LETIMER
                0x0001dd08       0x9c ./../Platform/Essentials/release/libEssentials_efm32.a(Timer.o)
 .text.extractFlags_TIMER
                0x0001dda4       0xd0 ./../Platform/Essentials/release/libEssentials_efm32.a(Timer.o)
 .text.MCU_Timer_GetRtcHandle
                0x0001de74       0x14 ./../Platform/Essentials/release/libEssentials_efm32.a(Timer.o)
                0x0001de74                MCU_Timer_GetRtcHandle
 .text.MCU_Timer_HandleRtcIrq
                0x0001de88       0x14 ./../Platform/Essentials/release/libEssentials_efm32.a(Timer.o)
                0x0001de88                MCU_Timer_HandleRtcIrq
 .text.CmdProcessor_Initialize
                0x0001de9c       0xe0 ./../Platform/Utils/release/libUtils_efm32.a(CmdProcessor.o)
                0x0001de9c                CmdProcessor_Initialize
 .text.CmdProcessor_Enqueue
                0x0001df7c       0x74 ./../Platform/Utils/release/libUtils_efm32.a(CmdProcessor.o)
                0x0001df7c                CmdProcessor_Enqueue
 .text.CmdProcessor_EnqueueFromIsr
                0x0001dff0       0xa0 ./../Platform/Utils/release/libUtils_efm32.a(CmdProcessor.o)
                0x0001dff0                CmdProcessor_EnqueueFromIsr
 .text.Run      0x0001e090       0x14 ./../Platform/Utils/release/libUtils_efm32.a(CmdProcessor.o)
 .text.Dequeue  0x0001e0a4       0x80 ./../Platform/Utils/release/libUtils_efm32.a(CmdProcessor.o)
 .text.CmdProcessor_enqueueFromIsr
                0x0001e124       0x28 ./../Platform/Utils/release/libUtils_efm32.a(CmdProcessor.o)
                0x0001e124                CmdProcessor_enqueueFromIsr
 .text.NVM_Initialize
                0x0001e14c       0x4c ./../Platform/Drivers/release/libDrivers_efm32.a(BCDS_NVM.o)
                0x0001e14c                NVM_Initialize
 .text.objectConsistencyCheck
                0x0001e198       0x58 ./../Platform/Drivers/release/libDrivers_efm32.a(BCDS_NVM.o)
 .text.NVM_Read
                0x0001e1f0       0x7c ./../Platform/Drivers/release/libDrivers_efm32.a(BCDS_NVM.o)
                0x0001e1f0                NVM_Read
 .text.itemConsistencyCheck
                0x0001e26c       0x50 ./../Platform/Drivers/release/libDrivers_efm32.a(BCDS_NVM.o)
 .text.NVM_Write
                0x0001e2bc       0x94 ./../Platform/Drivers/release/libDrivers_efm32.a(BCDS_NVM.o)
                0x0001e2bc                NVM_Write
 .text.NVM_Flush
                0x0001e350       0x9c ./../Platform/Drivers/release/libDrivers_efm32.a(BCDS_NVM.o)
                0x0001e350                NVM_Flush
 .text.sectionUpdateRequired
                0x0001e3ec       0x8c ./../Platform/Drivers/release/libDrivers_efm32.a(BCDS_NVM.o)
 .text.NVM_ReadUInt8
                0x0001e478       0x40 ./../Platform/Drivers/release/libDrivers_efm32.a(BCDS_NVM.o)
                0x0001e478                NVM_ReadUInt8
 .text.NVM_WriteUInt8
                0x0001e4b8       0x40 ./../Platform/Drivers/release/libDrivers_efm32.a(BCDS_NVM.o)
                0x0001e4b8                NVM_WriteUInt8
 .text.isLittleEndianPlatform
                0x0001e4f8       0x30 ./../Platform/Drivers/release/libDrivers_efm32.a(BCDS_NVM.o)
 .text.NVM_IsEndiannessDifferent
                0x0001e528       0x54 ./../Platform/Drivers/release/libDrivers_efm32.a(BCDS_NVM.o)
 .text.NVM_SwapBytes
                0x0001e57c       0xc4 ./../Platform/Drivers/release/libDrivers_efm32.a(BCDS_NVM.o)
 .text.NetworkConfig_SlNetAppEvtHdlr
                0x0001e640       0xa0 ./../Platform/Wlan/release/libWlan_efm32.a(NetworkConfig.o)
                0x0001e640                NetworkConfig_SlNetAppEvtHdlr
 .text.NetworkConfig_GetIpStatus
                0x0001e6e0       0x18 ./../Platform/Wlan/release/libWlan_efm32.a(NetworkConfig.o)
                0x0001e6e0                NetworkConfig_GetIpStatus
 .text.NetworkConfig_SetIpStatus
                0x0001e6f8       0x20 ./../Platform/Wlan/release/libWlan_efm32.a(NetworkConfig.o)
                0x0001e6f8                NetworkConfig_SetIpStatus
 .text.NetworkConfig_GetIpSettings
                0x0001e718       0xa4 ./../Platform/Wlan/release/libWlan_efm32.a(NetworkConfig.o)
                0x0001e718                NetworkConfig_GetIpSettings
 .text.NetworkConfig_SetIpDhcp
                0x0001e7bc       0xac ./../Platform/Wlan/release/libWlan_efm32.a(NetworkConfig.o)
                0x0001e7bc                NetworkConfig_SetIpDhcp
 .text.NetworkConfig_GetIpAddress
                0x0001e868       0x78 ./../Platform/Wlan/release/libWlan_efm32.a(NetworkConfig.o)
                0x0001e868                NetworkConfig_GetIpAddress
 .text.connectNonBlockingCall
                0x0001e8e0      0x184 ./../Platform/Wlan/release/libWlan_efm32.a(WlanConnect.o)
 .text.connectBlockingCall
                0x0001ea64       0xb8 ./../Platform/Wlan/release/libWlan_efm32.a(WlanConnect.o)
 .text.WlanConnect_SlGeneralEventHdlr
                0x0001eb1c       0xa8 ./../Platform/Wlan/release/libWlan_efm32.a(WlanConnect.o)
                0x0001eb1c                WlanConnect_SlGeneralEventHdlr
 .text.WlanConnect_SLWlanEventHdlr
                0x0001ebc4       0x5c ./../Platform/Wlan/release/libWlan_efm32.a(WlanConnect.o)
                0x0001ebc4                WlanConnect_SLWlanEventHdlr
 .text.WlanConnect_GetInitStatus
                0x0001ec20       0x18 ./../Platform/Wlan/release/libWlan_efm32.a(WlanConnect.o)
                0x0001ec20                WlanConnect_GetInitStatus
 .text.WlanConnect_Init
                0x0001ec38       0xd0 ./../Platform/Wlan/release/libWlan_efm32.a(WlanConnect.o)
                0x0001ec38                WlanConnect_Init
 .text.NonBlockingTimer
                0x0001ed08       0xa0 ./../Platform/Wlan/release/libWlan_efm32.a(WlanConnect.o)
 .text.WlanConnect_WPA
                0x0001eda8       0xc4 ./../Platform/Wlan/release/libWlan_efm32.a(WlanConnect.o)
                0x0001eda8                WlanConnect_WPA
 .text.OsTime2Tick
                0x0001ee6c       0x44 ./../Platform/Wlan/release/libWlan_efm32.a(WlanDriver.o)
 .text.spiEventsCallbackFunc
                0x0001eeb0       0xd8 ./../Platform/Wlan/release/libWlan_efm32.a(WlanDriver.o)
 .text.CreateSpawnQAndTask
                0x0001ef88       0x98 ./../Platform/Wlan/release/libWlan_efm32.a(WlanDriver.o)
 .text.WifiInterruptCallback
                0x0001f020       0x24 ./../Platform/Wlan/release/libWlan_efm32.a(WlanDriver.o)
 .text.WlanDriver_Init
                0x0001f044       0xa8 ./../Platform/Wlan/release/libWlan_efm32.a(WlanDriver.o)
                0x0001f044                WlanDriver_Init
 .text.WlanDriver_RegInterruptHdlr
                0x0001f0ec       0x34 ./../Platform/Wlan/release/libWlan_efm32.a(WlanDriver.o)
                0x0001f0ec                WlanDriver_RegInterruptHdlr
 .text.WlanDriver_SlHttpServerCb
                0x0001f120       0x14 ./../Platform/Wlan/release/libWlan_efm32.a(WlanDriver.o)
                0x0001f120                WlanDriver_SlHttpServerCb
 .text.WlanDriver_DeviceDisable
                0x0001f134       0x10 ./../Platform/Wlan/release/libWlan_efm32.a(WlanDriver.o)
                0x0001f134                WlanDriver_DeviceDisable
 .text.WlanDriver_DeviceEnable
                0x0001f144       0x18 ./../Platform/Wlan/release/libWlan_efm32.a(WlanDriver.o)
                0x0001f144                WlanDriver_DeviceEnable
 .text.WlanDriver_SpiClose
                0x0001f15c       0x38 ./../Platform/Wlan/release/libWlan_efm32.a(WlanDriver.o)
                0x0001f15c                WlanDriver_SpiClose
 .text.WlanDriver_SpiOpen
                0x0001f194       0x54 ./../Platform/Wlan/release/libWlan_efm32.a(WlanDriver.o)
                0x0001f194                WlanDriver_SpiOpen
 .text.WlanDriver_SpiWrite
                0x0001f1e8       0x9c ./../Platform/Wlan/release/libWlan_efm32.a(WlanDriver.o)
                0x0001f1e8                WlanDriver_SpiWrite
 .text.WlanDriver_SpiRead
                0x0001f284       0x9c ./../Platform/Wlan/release/libWlan_efm32.a(WlanDriver.o)
                0x0001f284                WlanDriver_SpiRead
 .text.WlanDriver_OsSyncObjectCreate
                0x0001f320       0x3c ./../Platform/Wlan/release/libWlan_efm32.a(WlanDriver.o)
                0x0001f320                WlanDriver_OsSyncObjectCreate
 .text.WlanDriver_OsSyncObjectDelete
                0x0001f35c       0x30 ./../Platform/Wlan/release/libWlan_efm32.a(WlanDriver.o)
                0x0001f35c                WlanDriver_OsSyncObjectDelete
 .text.WlanDriver_OsSyncObjectSignal
                0x0001f38c       0x3c ./../Platform/Wlan/release/libWlan_efm32.a(WlanDriver.o)
                0x0001f38c                WlanDriver_OsSyncObjectSignal
 .text.WlanDriver_OsSyncSignalFromISR
                0x0001f3c8       0x54 ./../Platform/Wlan/release/libWlan_efm32.a(WlanDriver.o)
                0x0001f3c8                WlanDriver_OsSyncSignalFromISR
 .text.WlanDriver_OsSyncObjectWait
                0x0001f41c       0x4c ./../Platform/Wlan/release/libWlan_efm32.a(WlanDriver.o)
                0x0001f41c                WlanDriver_OsSyncObjectWait
 .text.WlanDriver_OsLockObjectCreate
                0x0001f468       0x34 ./../Platform/Wlan/release/libWlan_efm32.a(WlanDriver.o)
                0x0001f468                WlanDriver_OsLockObjectCreate
 .text.WlanDriver_OsLockObjectDelete
                0x0001f49c       0x2c ./../Platform/Wlan/release/libWlan_efm32.a(WlanDriver.o)
                0x0001f49c                WlanDriver_OsLockObjectDelete
 .text.WlanDriver_OsLockObjectWait
                0x0001f4c8       0x4c ./../Platform/Wlan/release/libWlan_efm32.a(WlanDriver.o)
                0x0001f4c8                WlanDriver_OsLockObjectWait
 .text.WlanDriver_OsLockUnlock
                0x0001f514       0x44 ./../Platform/Wlan/release/libWlan_efm32.a(WlanDriver.o)
                0x0001f514                WlanDriver_OsLockUnlock
 .text.WlanDriver_SimpleLinkSpawnTask
                0x0001f558       0x60 ./../Platform/Wlan/release/libWlan_efm32.a(WlanDriver.o)
                0x0001f558                WlanDriver_SimpleLinkSpawnTask
 .text.WlanDriver_OsiSpawn
                0x0001f5b8       0xa4 ./../Platform/Wlan/release/libWlan_efm32.a(WlanDriver.o)
                0x0001f5b8                WlanDriver_OsiSpawn
 .text.BlePeripheral_SetMacAddress